Component: ARM Compiler 5.06 update 7 (build 960) Tool: armlink [4d3601]

==============================================================================

Section Cross References

    main.o(i.Hardware_Init) refers to misc.o(i.NVIC_PriorityGroupConfig) for NVIC_PriorityGroupConfig
    main.o(i.Hardware_Init) refers to oled.o(i.GB16_NUM) for GB16_NUM
    main.o(i.Hardware_Init) refers to delay.o(i.delay_init) for delay_init
    main.o(i.Hardware_Init) refers to timer.o(i.GENERAL_TIM_Init) for GENERAL_TIM_Init
    main.o(i.Hardware_Init) refers to usart.o(i.Usart1_Init) for Usart1_Init
    main.o(i.Hardware_Init) refers to usart2.o(i.Usart2_Init) for Usart2_Init
    main.o(i.Hardware_Init) refers to usart3.o(i.Usart3_Init) for Usart3_Init
    main.o(i.Hardware_Init) refers to led.o(i.System_PB34_setIO) for System_PB34_setIO
    main.o(i.Hardware_Init) refers to led.o(i.LED_Init) for LED_Init
    main.o(i.Hardware_Init) refers to key.o(i.Key_GPIO_Config) for Key_GPIO_Config
    main.o(i.Hardware_Init) refers to jr6001.o(i.JR6001_Init) for JR6001_Init
    main.o(i.Hardware_Init) refers to hmc5883l.o(i.GY_IIC_Init) for GY_IIC_Init
    main.o(i.Hardware_Init) refers to hmc5883l.o(i.HMC5883_Init) for HMC5883_Init
    main.o(i.Hardware_Init) refers to delay.o(i.delay_ms) for delay_ms
    main.o(i.Hardware_Init) refers to git.o(i.Reset_Threshole_Value) for Reset_Threshole_Value
    main.o(i.Hardware_Init) refers to oled.o(i.OLED_Init) for OLED_Init
    main.o(i.Hardware_Init) refers to oled.o(i.OLED_ColorTurn) for OLED_ColorTurn
    main.o(i.Hardware_Init) refers to oled.o(i.OLED_DisplayTurn) for OLED_DisplayTurn
    main.o(i.Hardware_Init) refers to oled.o(i.OLED_Clear) for OLED_Clear
    main.o(i.Hardware_Init) refers to oled.o(.data) for HZ
    main.o(i.Hardware_Init) refers to git.o(.bss) for device_state_init
    main.o(i.Hardware_Init) refers to git.o(.data) for threshold_value_init
    main.o(i.Net_Init) refers to oled.o(i.OLED_Clear) for OLED_Clear
    main.o(i.Net_Init) refers to printfa.o(i.__0sprintf) for __2sprintf
    main.o(i.Net_Init) refers to oled.o(i.OLED_ShowCH) for OLED_ShowCH
    main.o(i.Net_Init) refers to ga10.o(i.GA10_Init) for GA10_Init
    main.o(i.Net_Init) refers to main.o(.data) for Connect_Net
    main.o(i.SoftWare_Init) refers to task.o(i.timer_init) for timer_init
    main.o(i.SoftWare_Init) refers to task.o(i.timer_start) for timer_start
    main.o(i.SoftWare_Init) refers to main.o(i.task1) for task1
    main.o(i.SoftWare_Init) refers to main.o(.bss) for task1_id
    main.o(i.SoftWare_Init) refers to main.o(i.task2) for task2
    main.o(i.SoftWare_Init) refers to main.o(i.task3) for task3
    main.o(i.main) refers to main.o(i.SoftWare_Init) for SoftWare_Init
    main.o(i.main) refers to main.o(i.Hardware_Init) for Hardware_Init
    main.o(i.main) refers to main.o(i.Net_Init) for Net_Init
    main.o(i.main) refers to stm32f10x_tim.o(i.TIM_Cmd) for TIM_Cmd
    main.o(i.main) refers to task.o(i.timer_loop) for timer_loop
    main.o(i.main) refers to usart3.o(i.ESP8266_GetIPD) for ESP8266_GetIPD
    main.o(i.main) refers to ga10.o(i.massage_ga10_json) for massage_ga10_json
    main.o(i.main) refers to git.o(i.Check_Key_ON_OFF) for Check_Key_ON_OFF
    main.o(i.main) refers to timer.o(.data) for time25ms
    main.o(i.task1) refers to git.o(i.Automation_Close) for Automation_Close
    main.o(i.task1) refers to git.o(i.Update_oled_massage) for Update_oled_massage
    main.o(i.task2) refers to git.o(i.Read_Data) for Read_Data
    main.o(i.task2) refers to git.o(i.Update_device_massage) for Update_device_massage
    main.o(i.task2) refers to git.o(.bss) for Data_init
    main.o(i.task3) refers to git.o(.bss) for Data_init
    main.o(.data) refers to main.o(.conststring) for .conststring
    system_stm32f10x.o(i.SetSysClock) refers to system_stm32f10x.o(i.SetSysClockTo72) for SetSysClockTo72
    system_stm32f10x.o(i.SystemCoreClockUpdate) refers to system_stm32f10x.o(.data) for SystemCoreClock
    system_stm32f10x.o(i.SystemInit) refers to system_stm32f10x.o(i.SetSysClock) for SetSysClock
    led.o(i.LED_Init) refers to stm32f10x_rcc.o(i.RCC_APB2PeriphClockCmd) for RCC_APB2PeriphClockCmd
    led.o(i.LED_Init) refers to stm32f10x_gpio.o(i.GPIO_Init) for GPIO_Init
    led.o(i.LED_Init) refers to stm32f10x_gpio.o(i.GPIO_SetBits) for GPIO_SetBits
    led.o(i.System_PB34_setIO) refers to stm32f10x_rcc.o(i.RCC_APB2PeriphClockCmd) for RCC_APB2PeriphClockCmd
    led.o(i.System_PB34_setIO) refers to stm32f10x_gpio.o(i.GPIO_PinRemapConfig) for GPIO_PinRemapConfig
    key.o(i.KEY_Scan) refers to stm32f10x_gpio.o(i.GPIO_ReadInputDataBit) for GPIO_ReadInputDataBit
    key.o(i.KEY_Scan) refers to key.o(.data) for key_up
    key.o(i.Key_GPIO_Config) refers to stm32f10x_rcc.o(i.RCC_APB2PeriphClockCmd) for RCC_APB2PeriphClockCmd
    key.o(i.Key_GPIO_Config) refers to stm32f10x_gpio.o(i.GPIO_Init) for GPIO_Init
[...]
    i.HMC5883_SB_Read                        0x08001d74   Section        0  hmc5883l.o(i.HMC5883_SB_Read)
    i.HMC5883_SB_Write                       0x08001dbc   Section        0  hmc5883l.o(i.HMC5883_SB_Write)
    i.HardFault_Handler                      0x08001e02   Section        0  stm32f10x_it.o(i.HardFault_Handler)
    i.Hardware_Init                          0x08001e08   Section        0  main.o(i.Hardware_Init)
    i.JR6001_Init                            0x08001e90   Section        0  jr6001.o(i.JR6001_Init)
    i.JR6001_SendCode                        0x08001ec0   Section        0  jr6001.o(i.JR6001_SendCode)
    i.JR6001_SongControl                     0x08001f4c   Section        0  jr6001.o(i.JR6001_SongControl)
    i.JR6001_Volumecontrol                   0x08001fc0   Section        0  jr6001.o(i.JR6001_Volumecontrol)
    i.KEY_Scan                               0x08001fe4   Section        0  key.o(i.KEY_Scan)
    i.Key_GPIO_Config                        0x08002058   Section        0  key.o(i.Key_GPIO_Config)
    i.LED_Init                               0x08002094   Section        0  led.o(i.LED_Init)
    i.MemManage_Handler                      0x08002138   Section        0  stm32f10x_it.o(i.MemManage_Handler)
    i.Mqtt_Pub                               0x0800213c   Section        0  ga10.o(i.Mqtt_Pub)
    i.NMI_Handler                            0x080021d0   Section        0  stm32f10x_it.o(i.NMI_Handler)
    i.NVIC_Init                              0x080021d4   Section        0  misc.o(i.NVIC_Init)
    i.NVIC_PriorityGroupConfig               0x08002244   Section        0  misc.o(i.NVIC_PriorityGroupConfig)
    i.Net_Init                               0x08002258   Section        0  main.o(i.Net_Init)
    i.OLED_Clear                             0x080022cc   Section        0  oled.o(i.OLED_Clear)
    i.OLED_ColorTurn                         0x080022d6   Section        0  oled.o(i.OLED_ColorTurn)
    i.OLED_DisplayTurn                       0x080022f2   Section        0  oled.o(i.OLED_DisplayTurn)
    i.OLED_Fill                              0x0800231e   Section        0  oled.o(i.OLED_Fill)
    i.OLED_Init                              0x08002360   Section        0  oled.o(i.OLED_Init)
    i.OLED_ShowCH                            0x08002478   Section        0  oled.o(i.OLED_ShowCH)
    i.OLED_WR_BP                             0x080025b0   Section        0  oled.o(i.OLED_WR_BP)
    i.OLED_WR_Byte                           0x080025dc   Section        0  oled.o(i.OLED_WR_Byte)
    i.PendSV_Handler                         0x0800264c   Section        0  stm32f10x_it.o(i.PendSV_Handler)
    i.RCC_APB1PeriphClockCmd                 0x08002650   Section        0  stm32f10x_rcc.o(i.RCC_APB1PeriphClockCmd)
    i.RCC_APB1PeriphResetCmd                 0x08002670   Section        0  stm32f10x_rcc.o(i.RCC_APB1PeriphResetCmd)
    i.RCC_APB2PeriphClockCmd                 0x08002690   Section        0  stm32f10x_rcc.o(i.RCC_APB2PeriphClockCmd)
    i.RCC_APB2PeriphResetCmd                 0x080026b0   Section        0  stm32f10x_rcc.o(i.RCC_APB2PeriphResetCmd)
    i.RCC_GetClocksFreq                      0x080026d0   Section        0  stm32f10x_rcc.o(i.RCC_GetClocksFreq)
    i.R_Test                                 0x080027a4   Section        0  flash.o(i.R_Test)
    i.Read_Data                              0x080027d0   Section        0  git.o(i.Read_Data)
    i.Reset_Threshole_Value                  0x080027d6   Section        0  git.o(i.Reset_Threshole_Value)
    i.SVC_Handler                            0x080027e8   Section        0  stm32f10x_it.o(i.SVC_Handler)
    i.SetSysClock                            0x080027ea   Section        0  system_stm32f10x.o(i.SetSysClock)
    SetSysClock                              0x080027eb   Thumb Code     8  system_stm32f10x.o(i.SetSysClock)
    i.SetSysClockTo72                        0x080027f4   Section        0  system_stm32f10x.o(i.SetSysClockTo72)
    SetSysClockTo72                          0x080027f5   Thumb Code   214  system_stm32f10x.o(i.SetSysClockTo72)
    i.SoftWare_Init                          0x080028d4   Section        0  main.o(i.SoftWare_Init)
    i.SysTick_CLKSourceConfig                0x0800292c   Section        0  misc.o(i.SysTick_CLKSourceConfig)
    i.SysTick_Handler                        0x08002954   Section        0  stm32f10x_it.o(i.SysTick_Handler)
    i.SystemInit                             0x08002958   Section        0  system_stm32f10x.o(i.SystemInit)
    i.System_PB34_setIO                      0x080029b8   Section        0  led.o(i.System_PB34_setIO)
    i.System_ReadInteriorFlash               0x080029e4   Section        0  flash.o(i.System_ReadInteriorFlash)
    i.System_WriteInteriorFlash              0x08002a24   Section        0  flash.o(i.System_WriteInteriorFlash)
    i.TIM4_IRQHandler                        0x08002ba0   Section        0  timer.o(i.TIM4_IRQHandler)
    i.TIM_ClearFlag                          0x08002c24   Section        0  stm32f10x_tim.o(i.TIM_ClearFlag)
    i.TIM_ClearITPendingBit                  0x08002c2a   Section        0  stm32f10x_tim.o(i.TIM_ClearITPendingBit)
    i.TIM_Cmd                                0x08002c30   Section        0  stm32f10x_tim.o(i.TIM_Cmd)
    i.TIM_GetITStatus                        0x08002c48   Section        0  stm32f10x_tim.o(i.TIM_GetITStatus)
    i.TIM_ITConfig                           0x08002c6a   Section        0  stm32f10x_tim.o(i.TIM_ITConfig)
    i.TIM_TimeBaseInit                       0x08002c7c   Section        0  stm32f10x_tim.o(i.TIM_TimeBaseInit)
    i.TimeModule_get                         0x08002d20   Section        0  timer.o(i.TimeModule_get)
    TimeModule_get                           0x08002d21   Thumb Code    14  timer.o(i.TimeModule_get)
    i.USART1_IRQHandler                      0x08002d34   Section        0  usart.o(i.USART1_IRQHandler)
    i.USART2_IRQHandler                      0x08002dbc   Section        0  usart2.o(i.USART2_IRQHandler)
    i.USART3_IRQHandler                      0x08002e54   Section        0  usart3.o(i.USART3_IRQHandler)
    i.USART_ClearFlag                        0x08002ea0   Section        0  stm32f10x_usart.o(i.USART_ClearFlag)
    i.USART_Cmd                              0x08002eb2   Section        0  stm32f10x_usart.o(i.USART_Cmd)
    i.USART_DeInit                           0x08002ecc   Section        0  stm32f10x_usart.o(i.USART_DeInit)
    i.USART_GetFlagStatus                    0x08002f68   Section        0  stm32f10x_usart.o(i.USART_GetFlagStatus)
    i.USART_GetITStatus                      0x08002f82   Section        0  stm32f10x_usart.o(i.USART_GetITStatus)
    i.USART_ITConfig                         0x08002fd6   Section        0  stm32f10x_usart.o(i.USART_ITConfig)
    i.USART_Init                             0x08003020   Section        0  stm32f10x_usart.o(i.USART_Init)
    i.USART_ReceiveData                      0x080030f8   Section        0  stm32f10x_usart.o(i.USART_ReceiveData)
    i.USART_SendData                         0x08003102   Section        0  stm32f10x_usart.o(i.USART_SendData)
    i.Update_device_massage                  0x0800310c   Section        0  git.o(i.Update_device_massage)
    i.Update_oled_massage                    0x08003170   Section        0  git.o(i.Update_oled_massage)
    i.UsageFault_Handler                     0x080031f0   Section        0  stm32f10x_it.o(i.UsageFault_Handler)
    i.Usart1_Init                            0x080031f4   Section        0  usart.o(i.Usart1_Init)
    i.Usart2_Init                            0x08003294   Section        0  usart2.o(i.Usart2_Init)
    i.Usart3_Init                            0x08003344   Section        0  usart3.o(i.Usart3_Init)
    i.Usart3_SendString                      0x080033f0   Section        0  usart3.o(i.Usart3_SendString)
    i.W_Test                                 0x08003420   Section        0  flash.o(i.W_Test)
    i.__0printf                              0x0800344c   Section        0  printfa.o(i.__0printf)
    i.__0sprintf                             0x0800346c   Section        0  printfa.o(i.__0sprintf)
    i.__ARM_fpclassify                       0x08003494   Section        0  fpclassify.o(i.__ARM_fpclassify)
    i.__free$realloc                         0x080034bc   Section        0  mallocr.o(i.__free$realloc)
    i.__kernel_poly                          0x08003518   Section        0  poly.o(i.__kernel_poly)
    i.__malloc$realloc                       0x080035c4   Section        0  mallocr.o(i.__malloc$realloc)
    i.__mathlib_dbl_infnan                   0x08003614   Section        0  dunder.o(i.__mathlib_dbl_infnan)
    i.__mathlib_dbl_infnan2                  0x0800361a   Section        0  dunder.o(i.__mathlib_dbl_infnan2)
    i.__mathlib_dbl_underflow                0x08003620   Section        0  dunder.o(i.__mathlib_dbl_underflow)
    i.__scatterload_copy                     0x08003630   Section       14  handlers.o(i.__scatterload_copy)
    i.__scatterload_null                     0x0800363e   Section        2  handlers.o(i.__scatterload_null)
    i.__scatterload_zeroinit                 0x08003640   Section       14  handlers.o(i.__scatterload_zeroinit)
    i.__set_errno                            0x08003650   Section        0  errno.o(i.__set_errno)
    i._fp_digits                             0x0800365c   Section        0  printfa.o(i._fp_digits)
    _fp_digits                               0x0800365d   Thumb Code   366  printfa.o(i._fp_digits)
    i._is_digit                              0x080037e0   Section        0  scanf_fp.o(i._is_digit)
    i._printf_core                           0x080037f0   Section        0  printfa.o(i._printf_core)
    _printf_core                             0x080037f1   Thumb Code  1704  printfa.o(i._printf_core)
    i._printf_post_padding                   0x08003ea4   Section        0  printfa.o(i._printf_post_padding)
    _printf_post_padding                     0x08003ea5   Thumb Code    36  printfa.o(i._printf_post_padding)
    i._printf_pre_padding                    0x08003ec8   Section        0  printfa.o(i._printf_pre_padding)
    _printf_pre_padding                      0x08003ec9   Thumb Code    46  printfa.o(i._printf_pre_padding)
    i._sputc                                 0x08003ef6   Section        0  printfa.o(i._sputc)
    _sputc                                   0x08003ef7   Thumb Code    10  printfa.o(i._sputc)
    i.atan                                   0x08003f00   Section        0  atan.o(i.atan)
    i.atan2                                  0x08004120   Section        0  atan2.o(i.atan2)
    i.buffer_skip_whitespace                 0x080042bc   Section        0  cjson.o(i.buffer_skip_whitespace)
    buffer_skip_whitespace                   0x080042bd   Thumb Code    72  cjson.o(i.buffer_skip_whitespace)
    i.cJSON_Delete                           0x08004304   Section        0  cjson.o(i.cJSON_Delete)
    i.cJSON_GetObjectItem                    0x0800435c   Section        0  cjson.o(i.cJSON_GetObjectItem)
    i.cJSON_New_Item                         0x0800436e   Section        0  cjson.o(i.cJSON_New_Item)
    cJSON_New_Item                           0x0800436f   Thumb Code    26  cjson.o(i.cJSON_New_Item)
    i.cJSON_Parse                            0x08004388   Section        0  cjson.o(i.cJSON_Parse)
    i.cJSON_ParseWithLengthOpts              0x08004398   Section        0  cjson.o(i.cJSON_ParseWithLengthOpts)
    i.cJSON_ParseWithOpts                    0x0800446c   Section        0  cjson.o(i.cJSON_ParseWithOpts)
    i.case_insensitive_strcmp                0x08004494   Section        0  cjson.o(i.case_insensitive_strcmp)
    case_insensitive_strcmp                  0x08004495   Thumb Code    72  cjson.o(i.case_insensitive_strcmp)
    i.delay_init                             0x080044dc   Section        0  delay.o(i.delay_init)
    i.delay_ms                               0x08004520   Section        0  delay.o(i.delay_ms)
    i.delay_us                               0x0800456c   Section        0  delay.o(i.delay_us)
    i.fputc                                  0x080045b8   Section        0  usart.o(i.fputc)
    i.get_decimal_point                      0x080045d4   Section        0  cjson.o(i.get_decimal_point)
    get_decimal_point                        0x080045d5   Thumb Code     4  cjson.o(i.get_decimal_point)
    i.get_object_item                        0x080045d8   Section        0  cjson.o(i.get_object_item)
    get_object_item                          0x080045d9   Thumb Code    82  cjson.o(i.get_object_item)
    i.internal_alloc                         0x0800462c   Section        0  mallocr.o(i.internal_alloc)
    internal_alloc                           0x0800462d   Thumb Code    76  mallocr.o(i.internal_alloc)
    i.main                                   0x0800467c   Section        0  main.o(i.main)
    i.massage_ga10_json                      0x080046c4   Section        0  ga10.o(i.massage_ga10_json)
    i.parse_array                            0x08004764   Section        0  cjson.o(i.parse_array)
    parse_array                              0x08004765   Thumb Code   248  cjson.o(i.parse_array)
    i.parse_hex4                             0x0800485c   Section        0  cjson.o(i.parse_hex4)
    parse_hex4                               0x0800485d   Thumb Code    90  cjson.o(i.parse_hex4)
    i.parse_number                           0x080048b8   Section        0  cjson.o(i.parse_number)
    parse_number                             0x080048b9   Thumb Code   298  cjson.o(i.parse_number)
    i.parse_object                           0x080049f0   Section        0  cjson.o(i.parse_object)
    parse_object                             0x080049f1   Thumb Code   318  cjson.o(i.parse_object)
    i.parse_string                           0x08004b2e   Section        0  cjson.o(i.parse_string)
    parse_string                             0x08004b2f   Thumb Code   396  cjson.o(i.parse_string)
    i.parse_value                            0x08004cbc   Section        0  cjson.o(i.parse_value)
    parse_value                              0x08004cbd   Thumb Code   290  cjson.o(i.parse_value)
    i.realloc                                0x08004df8   Section        0  mallocr.o(i.realloc)
    i.skip_utf8_bom                          0x08004e64   Section        0  cjson.o(i.skip_utf8_bom)
    skip_utf8_bom                            0x08004e65   Thumb Code    56  cjson.o(i.skip_utf8_bom)
    i.strtod                                 0x08004ea0   Section        0  strtod.o(i.strtod)
    i.task1                                  0x08004ebc   Section        0  main.o(i.task1)
    i.task2                                  0x08004ec8   Section        0  main.o(i.task2)
    i.task3                                  0x08004ef0   Section        0  main.o(i.task3)
    i.timer_init                             0x08004f04   Section        0  task.o(i.timer_init)
    i.timer_loop                             0x08004f24   Section        0  task.o(i.timer_loop)
    i.timer_start                            0x08004f64   Section        0  task.o(i.timer_start)
    i.timer_stop                             0x08004f90   Section        0  task.o(i.timer_stop)
    i.timer_ticks                            0x08004fb4   Section        0  task.o(i.timer_ticks)
    i.utf16_literal_to_utf8                  0x08004fc4   Section        0  cjson.o(i.utf16_literal_to_utf8)
    utf16_literal_to_utf8                    0x08004fc5   Thumb Code   300  cjson.o(i.utf16_literal_to_utf8)
    i.waitForFlashBSY                        0x080050f0   Section        0  flash.o(i.waitForFlashBSY)
    waitForFlashBSY                          0x080050f1   Thumb Code    32  flash.o(i.waitForFlashBSY)
    .constdata                               0x08005118   Section      152  atan.o(.constdata)
    atanhi                                   0x08005118   Data          32  atan.o(.constdata)
    atanlo                                   0x08005138   Data          32  atan.o(.constdata)
    aTodd                                    0x08005158   Data          40  atan.o(.constdata)
    aTeven                                   0x08005180   Data          48  atan.o(.constdata)
    .constdata                               0x080051b0   Section        8  qnan.o(.constdata)
    .constdata                               0x080051b8   Section       64  ctype_c.o(.constdata)
    .conststring                             0x080051f8   Section       29  main.o(.conststring)
    .conststring                             0x08005218   Section       81  hmc5883l.o(.conststring)
    .data                                    0x20000000   Section        8  main.o(.data)
    .data                                    0x20000008   Section       20  system_stm32f10x.o(.data)
    .data                                    0x2000001c   Section        1  key.o(.data)
    key_up                                   0x2000001c   Data           1  key.o(.data)
    .data                                    0x20000020   Section     2472  oled.o(.data)
    .data                                    0x200009c8   Section        8  flash.o(.data)
    .data                                    0x200009d0   Section        6  usart2.o(.data)
    .data                                    0x200009d6   Section        2  hmc5883l.o(.data)
    Res_Data                                 0x200009d7   Data           1  hmc5883l.o(.data)
    .data                                    0x200009d8   Section        4  delay.o(.data)
    fac_us                                   0x200009d8   Data           1  delay.o(.data)
    fac_ms                                   0x200009da   Data           2  delay.o(.data)
    .data                                    0x200009dc   Section        6  usart.o(.data)
    .data                                    0x200009e2   Section       20  stm32f10x_rcc.o(.data)
    APBAHBPrescTable                         0x200009e2   Data          16  stm32f10x_rcc.o(.data)
    ADCPrescTable                            0x200009f2   Data           4  stm32f10x_rcc.o(.data)
    .data                                    0x200009f8   Section       20  cjson.o(.data)
    global_error                             0x200009f8   Data           8  cjson.o(.data)
    global_hooks                             0x20000a00   Data          12  cjson.o(.data)
    .data                                    0x20000a0c   Section        4  usart3.o(.data)
    .data                                    0x20000a10   Section       10  git.o(.data)
    num_on                                   0x20000a18   Data           1  git.o(.data)
    key_old                                  0x20000a19   Data           1  git.o(.data)
    .data                                    0x20000a1c   Section        8  task.o(.data)
    head_handle                              0x20000a1c   Data           4  task.o(.data)
    _timer_ticks                             0x20000a20   Data           4  task.o(.data)
    .data                                    0x20000a24   Section       13  timer.o(.data)
    .data                                    0x20000a34   Section        4  mvars.o(.data)
    .data                                    0x20000a38   Section        4  mvars.o(.data)
    .data                                    0x20000a3c   Section        4  errno.o(.data)
    _errno                                   0x20000a3c   Data           4  errno.o(.data)
    .bss                                     0x20000a40   Section     2096  main.o(.bss)
    sectorbufferTemp                         0x20000a40   Data        2048  main.o(.bss)
    task1_id                                 0x20001240   Data          16  main.o(.bss)
    task2_id                                 0x20001250   Data          16  main.o(.bss)
    task3_id                                 0x20001260   Data          16  main.o(.bss)
    .bss                                     0x20001270   Section     2048  flash.o(.bss)
    sectorbufferTemp                         0x20001270   Data        2048  flash.o(.bss)
    .bss                                     0x20001a70   Section      321  usart2.o(.bss)
    .bss                                     0x20001bb4   Section       12  hmc5883l.o(.bss)
    .bss                                     0x20001bc0   Section      200  usart.o(.bss)
    .bss                                     0x20001c88   Section     2304  usart3.o(.bss)
    sectorbufferTemp                         0x20001c88   Data        2048  usart3.o(.bss)
    .bss                                     0x20002588   Section     2081  git.o(.bss)
    sectorbufferTemp                         0x20002588   Data        2048  git.o(.bss)
    HEAP                                     0x20002db0   Section     3072  startup_stm32f10x_hd.o(HEAP)
    STACK                                    0x200039b0   Section     1024  startup_stm32f10x_hd.o(STACK)

    Global Symbols

    Symbol Name                              Value     Ov Type        Size  Object(Section)

    BuildAttributes$$THM_ISAv4$P$D$K$B$S$PE$A:L22UL41UL21$X:L11$S22US41US21$IEEE1$IW$USESV6$~STKCKD$USESV7$~SHL$OTIME$ROPI$IEEEX$EBA8$MICROLIB$REQ8$PRES8$EABIv2 0x00000000   Number         0  anon$$obj.o ABSOLUTE
    __ARM_use_no_argv                        0x00000000   Number         0  main.o ABSOLUTE
    __use_no_errno                           0x00000000   Number         0  useno.o ABSOLUTE
    __use_no_exception_handling              0x00000000   Number         0  useno.o ABSOLUTE
    __use_no_fp                              0x00000000   Number         0  useno.o ABSOLUTE
    __use_no_heap                            0x00000000   Number         0  useno.o ABSOLUTE
    __use_no_heap_region                     0x00000000   Number         0  useno.o ABSOLUTE
    __use_no_semihosting                     0x00000000   Number         0  useno.o ABSOLUTE
    __use_no_semihosting_swi                 0x00000000   Number         0  useno.o ABSOLUTE
    __use_no_signal_handling                 0x00000000   Number         0  useno.o ABSOLUTE
    _printf_a                                0x00000000   Number         0  stubs.o ABSOLUTE
    _printf_c                                0x00000000   Number         0  stubs.o ABSOLUTE
    _printf_charcount                        0x00000000   Number         0  stubs.o ABSOLUTE
    _printf_d                                0x00000000   Number         0  stubs.o ABSOLUTE
    _printf_e                                0x00000000   Number         0  stubs.o ABSOLUTE
    _printf_f                                0x00000000   Number         0  stubs.o ABSOLUTE
    _printf_flags                            0x00000000   Number         0  stubs.o ABSOLUTE
    _printf_fp_dec                           0x00000000   Number         0  stubs.o ABSOLUTE
    _printf_fp_hex                           0x00000000   Number         0  stubs.o ABSOLUTE
    _printf_g                                0x00000000   Number         0  stubs.o ABSOLUTE
    _printf_i                                0x00000000   Number         0  stubs.o ABSOLUTE
    _printf_int_dec                          0x00000000   Number         0  stubs.o ABSOLUTE
    _printf_l                                0x00000000   Number         0  stubs.o ABSOLUTE
    _printf_lc                               0x00000000   Number         0  stubs.o ABSOLUTE
    _printf_ll                               0x00000000   Number         0  stubs.o ABSOLUTE
    _printf_lld                              0x00000000   Number         0  stubs.o ABSOLUTE
    _printf_lli                              0x00000000   Number         0  stubs.o ABSOLUTE
    _printf_llo                              0x00000000   Number         0  stubs.o ABSOLUTE
    _printf_llu                              0x00000000   Number         0  stubs.o ABSOLUTE
    _printf_llx                              0x00000000   Number         0  stubs.o ABSOLUTE
    _printf_longlong_dec                     0x00000000   Number         0  stubs.o ABSOLUTE
    _printf_longlong_hex                     0x00000000   Number         0  stubs.o ABSOLUTE
    _printf_longlong_oct                     0x00000000   Number         0  stubs.o ABSOLUTE
    _printf_ls                               0x00000000   Number         0  stubs.o ABSOLUTE
    _printf_mbtowc                           0x00000000   Number         0  stubs.o ABSOLUTE
    _printf_n                                0x00000000   Number         0  stubs.o ABSOLUTE
    _printf_o                                0x00000000   Number         0  stubs.o ABSOLUTE
    _printf_p                                0x00000000   Number         0  stubs.o ABSOLUTE
    _printf_percent                          0x00000000   Number         0  stubs.o ABSOLUTE
    _printf_pre_padding                      0x00000000   Number         0  stubs.o ABSOLUTE
    _printf_return_value                     0x00000000   Number         0  stubs.o ABSOLUTE
    _printf_s                                0x00000000   Number         0  stubs.o ABSOLUTE
    _printf_sizespec                         0x00000000   Number         0  stubs.o ABSOLUTE
    _printf_str                              0x00000000   Number         0  stubs.o ABSOLUTE
    _printf_truncate_signed                  0x00000000   Number         0  stubs.o ABSOLUTE
    _printf_truncate_unsigned                0x00000000   Number         0  stubs.o ABSOLUTE
    _printf_u                                0x00000000   Number         0  stubs.o ABSOLUTE
    _printf_wc                               0x00000000   Number         0  stubs.o ABSOLUTE
    _printf_wctomb                           0x00000000   Number         0  stubs.o ABSOLUTE
    _printf_widthprec                        0x00000000   Number         0  stubs.o ABSOLUTE
    _printf_x                                0x00000000   Number         0  stubs.o ABSOLUTE
    __arm_fini_                               - Undefined Weak Reference
    __cpp_initialize__aeabi_                  - Undefined Weak Reference
    __cxa_finalize                            - Undefined Weak Reference
    _clock_init                               - Undefined Weak Reference
    _microlib_exit                            - Undefined Weak Reference
    _scanf_int                                - Undefined Weak Reference
    _scanf_longlong                           - Undefined Weak Reference
    _scanf_string                             - Undefined Weak Reference
    __Vectors_Size                           0x00000130   Number         0  startup_stm32f10x_hd.o ABSOLUTE
    __Vectors                                0x08000000   Data           4  startup_stm32f10x_hd.o(RESET)
    __Vectors_End                            0x08000130   Data           0  startup_stm32f10x_hd.o(RESET)
    __main                                   0x08000131   Thumb Code     0  entry.o(.ARM.Collect$$$$00000000)
    _main_stk                                0x08000131   Thumb Code     0  entry2.o(.ARM.Collect$$$$00000001)
    _main_scatterload                        0x08000135   Thumb Code     0  entry5.o(.ARM.Collect$$$$00000004)
    __main_after_scatterload                 0x08000139   Thumb Code     0  entry5.o(.ARM.Collect$$$$00000004)
    _main_clock                              0x08000139   Thumb Code     0  entry7b.o(.ARM.Collect$$$$00000008)
    _main_cpp_init                           0x08000139   Thumb Code     0  entry8b.o(.ARM.Collect$$$$0000000A)
    _main_init                               0x08000139   Thumb Code     0  entry9a.o(.ARM.Collect$$$$0000000B)
    __rt_lib_shutdown_fini                   0x08000141   Thumb Code     0  entry12b.o(.ARM.Collect$$$$0000000E)
    __rt_final_cpp                           0x08000145   Thumb Code     0  entry10a.o(.ARM.Collect$$$$0000000F)
    __rt_final_exit                          0x08000145   Thumb Code     0  entry11a.o(.ARM.Collect$$$$00000011)
    Reset_Handler                            0x08000149   Thumb Code     8  startup_stm32f10x_hd.o(.text)
    ADC1_2_IRQHandler                        0x08000163   Thumb Code     0  startup_stm32f10x_hd.o(.text)
    ADC3_IRQHandler                          0x08000163   Thumb Code     0  startup_stm32f10x_hd.o(.text)
    CAN1_RX1_IRQHandler                      0x08000163   Thumb Code     0  startup_stm32f10x_hd.o(.text)
    CAN1_SCE_IRQHandler                      0x08000163   Thumb Code     0  startup_stm32f10x_hd.o(.text)
    DMA1_Channel1_IRQHandler                 0x08000163   Thumb Code     0  startup_stm32f10x_hd.o(.text)
    DMA1_Channel2_IRQHandler                 0x08000163   Thumb Code     0  startup_stm32f10x_hd.o(.text)
    DMA1_Channel3_IRQHandler                 0x08000163   Thumb Code     0  startup_stm32f10x_hd.o(.text)
    DMA1_Channel4_IRQHandler                 0x08000163   Thumb Code     0  startup_stm32f10x_hd.o(.text)
    DMA1_Channel5_IRQHandler                 0x08000163   Thumb Code     0  startup_stm32f10x_hd.o(.text)
    DMA1_Channel6_IRQHandler                 0x08000163   Thumb Code     0  startup_stm32f10x_hd.o(.text)
    DMA1_Channel7_IRQHandler                 0x08000163   Thumb Code     0  startup_stm32f10x_hd.o(.text)
    DMA2_Channel1_IRQHandler                 0x08000163   Thumb Code     0  startup_stm32f10x_hd.o(.text)
    DMA2_Channel2_IRQHandler                 0x08000163   Thumb Code     0  startup_stm32f10x_hd.o(.text)
    DMA2_Channel3_IRQHandler                 0x08000163   Thumb Code     0  startup_stm32f10x_hd.o(.text)
    DMA2_Channel4_5_IRQHandler               0x08000163   Thumb Code     0  startup_stm32f10x_hd.o(.text)
    EXTI0_IRQHandler                         0x08000163   Thumb Code     0  startup_stm32f10x_hd.o(.text)
    EXTI15_10_IRQHandler                     0x08000163   Thumb Code     0  startup_stm32f10x_hd.o(.text)
    EXTI1_IRQHandler                         0x08000163   Thumb Code     0  startup_stm32f10x_hd.o(.text)
    EXTI2_IRQHandler                         0x08000163   Thumb Code     0  startup_stm32f10x_hd.o(.text)
    EXTI3_IRQHandler                         0x08000163   Thumb Code     0  startup_stm32f10x_hd.o(.text)
    EXTI4_IRQHandler                         0x08000163   Thumb Code     0  startup_stm32f10x_hd.o(.text)
    EXTI9_5_IRQHandler                       0x08000163   Thumb Code     0  startup_stm32f10x_hd.o(.text)
    FLASH_IRQHandler                         0x08000163   Thumb Code     0  startup_stm32f10x_hd.o(.text)
    FSMC_IRQHandler                          0x08000163   Thumb Code     0  startup_stm32f10x_hd.o(.text)
    I2C1_ER_IRQHandler                       0x08000163   Thumb Code     0  startup_stm32f10x_hd.o(.text)
    I2C1_EV_IRQHandler                       0x08000163   Thumb Code     0  startup_stm32f10x_hd.o(.text)
    I2C2_ER_IRQHandler                       0x08000163   Thumb Code     0  startup_stm32f10x_hd.o(.text)
    I2C2_EV_IRQHandler                       0x08000163   Thumb Code     0  startup_stm32f10x_hd.o(.text)
    PVD_IRQHandler                           0x08000163   Thumb Code     0  startup_stm32f10x_hd.o(.text)
    RCC_IRQHandler                           0x08000163   Thumb Code     0  startup_stm32f10x_hd.o(.text)
    RTCAlarm_IRQHandler                      0x08000163   Thumb Code     0  startup_stm32f10x_hd.o(.text)
    RTC_IRQHandler                           0x08000163   Thumb Code     0  startup_stm32f10x_hd.o(.text)
    SDIO_IRQHandler                          0x08000163   Thumb Code     0  startup_stm32f10x_hd.o(.text)
    SPI1_IRQHandler                          0x08000163   Thumb Code     0  startup_stm32f10x_hd.o(.text)
    SPI2_IRQHandler                          0x08000163   Thumb Code     0  startup_stm32f10x_hd.o(.text)
    SPI3_IRQHandler                          0x08000163   Thumb Code     0  startup_stm32f10x_hd.o(.text)
    TAMPER_IRQHandler                        0x08000163   Thumb Code     0  startup_stm32f10x_hd.o(.text)
    TIM1_BRK_IRQHandler                      0x08000163   Thumb Code     0  startup_stm32f10x_hd.o(.text)
    TIM1_CC_IRQHandler                       0x08000163   Thumb Code     0  startup_stm32f10x_hd.o(.text)
    TIM1_TRG_COM_IRQHandler                  0x08000163   Thumb Code     0  startup_stm32f10x_hd.o(.text)
    TIM1_UP_IRQHandler                       0x08000163   Thumb Code     0  startup_stm32f10x_hd.o(.text)
    TIM2_IRQHandler                          0x08000163   Thumb Code     0  startup_stm32f10x_hd.o(.text)
    TIM3_IRQHandler                          0x08000163   Thumb Code     0  startup_stm32f10x_hd.o(.text)
    TIM5_IRQHandler                          0x08000163   Thumb Code     0  startup_stm32f10x_hd.o(.text)
    TIM6_IRQHandler                          0x08000163   Thumb Code     0  startup_stm32f10x_hd.o(.text)
    TIM7_IRQHandler                          0x08000163   Thumb Code     0  startup_stm32f10x_hd.o(.text)
    TIM8_BRK_IRQHandler                      0x08000163   Thumb Code     0  startup_stm32f10x_hd.o(.text)
    TIM8_CC_IRQHandler                       0x08000163   Thumb Code     0  startup_stm32f10x_hd.o(.text)
    TIM8_TRG_COM_IRQHandler                  0x08000163   Thumb Code     0  startup_stm32f10x_hd.o(.text)
    TIM8_UP_IRQHandler                       0x08000163   Thumb Code     0  startup_stm32f10x_hd.o(.text)
    UART4_IRQHandler                         0x08000163   Thumb Code     0  startup_stm32f10x_hd.o(.text)
    UART5_IRQHandler                         0x08000163   Thumb Code     0  startup_stm32f10x_hd.o(.text)
    USBWakeUp_IRQHandler                     0x08000163   Thumb Code     0  startup_stm32f10x_hd.o(.text)
    USB_HP_CAN1_TX_IRQHandler                0x08000163   Thumb Code     0  startup_stm32f10x_hd.o(.text)
    USB_LP_CAN1_RX0_IRQHandler               0x08000163   Thumb Code     0  startup_stm32f10x_hd.o(.text)
    WWDG_IRQHandler                          0x08000163   Thumb Code     0  startup_stm32f10x_hd.o(.text)
    tolower                                  0x0800016d   Thumb Code    12  tolower.o(.text)
    __aeabi_memcpy                           0x08000179   Thumb Code    36  memcpya.o(.text)
    __aeabi_memcpy4                          0x08000179   Thumb Code     0  memcpya.o(.text)
    __aeabi_memcpy8                          0x08000179   Thumb Code     0  memcpya.o(.text)
    __aeabi_memset                           0x0800019d   Thumb Code    14  memseta.o(.text)
    __aeabi_memset4                          0x0800019d   Thumb Code     0  memseta.o(.text)
    __aeabi_memset8                          0x0800019d   Thumb Code     0  memseta.o(.text)
    __aeabi_memclr                           0x080001ab   Thumb Code     4  memseta.o(.text)
    __aeabi_memclr4                          0x080001ab   Thumb Code     0  memseta.o(.text)
    __aeabi_memclr8                          0x080001ab   Thumb Code     0  memseta.o(.text)
    _memset$wrapper                          0x080001af   Thumb Code    18  memseta.o(.text)
    strcat                                   0x080001c1   Thumb Code    24  strcat.o(.text)
    strstr                                   0x080001d9   Thumb Code    36  strstr.o(.text)
    strchr                                   0x080001fd   Thumb Code    20  strchr.o(.text)
    strlen                                   0x08000211   Thumb Code    14  strlen.o(.text)
    strcmp                                   0x0800021f   Thumb Code    28  strcmp.o(.text)
    strncmp                                  0x0800023b   Thumb Code    30  strncmp.o(.text)
    _scanf_real                              0x08000381   Thumb Code     0  scanf_fp.o(.text)
    _scanf_really_real                       0x08000381   Thumb Code   556  scanf_fp.o(.text)
    __aeabi_dadd                             0x080005b9   Thumb Code   322  dadd.o(.text)
    __aeabi_dsub                             0x080006fb   Thumb Code     6  dadd.o(.text)
    __aeabi_drsub                            0x08000701   Thumb Code     6  dadd.o(.text)
    __aeabi_dmul                             0x08000707   Thumb Code   228  dmul.o(.text)
    __aeabi_i2d                              0x080007eb   Thumb Code    34  dflti.o(.text)
    __aeabi_d2iz                             0x0800080d   Thumb Code    62  dfixi.o(.text)
    __aeabi_cdcmpeq                          0x0800084d   Thumb Code     0  cdcmple.o(.text)
    __aeabi_cdcmple                          0x0800084d   Thumb Code    48  cdcmple.o(.text)
    __aeabi_cdrcmple                         0x0800087d   Thumb Code    48  cdrcmple.o(.text)
    __aeabi_d2f                              0x080008ad   Thumb Code    56  d2f.o(.text)
    __aeabi_uidiv                            0x080008e5   Thumb Code     0  uidiv.o(.text)
    __aeabi_uidivmod                         0x080008e5   Thumb Code    44  uidiv.o(.text)
    __aeabi_uldivmod                         0x08000911   Thumb Code    98  uldiv.o(.text)
    __aeabi_llsl                             0x08000973   Thumb Code    30  llshl.o(.text)
    _ll_shift_l                              0x08000973   Thumb Code     0  llshl.o(.text)
    __aeabi_llsr                             0x08000991   Thumb Code    32  llushr.o(.text)
    _ll_ushift_r                             0x08000991   Thumb Code     0  llushr.o(.text)
    __aeabi_lasr                             0x080009b1   Thumb Code    36  llsshr.o(.text)
    _ll_sshift_r                             0x080009b1   Thumb Code     0  llsshr.o(.text)
    _sgetc                                   0x080009d5   Thumb Code    30  _sgetc.o(.text)
    _sbackspace                              0x080009f3   Thumb Code    34  _sgetc.o(.text)
    __strtod_int                             0x08000a4b   Thumb Code    90  strtod.o(.text)
    __I$use$fp                               0x08000ab1   Thumb Code     0  iusefp.o(.text)
    _float_round                             0x08000ab1   Thumb Code    18  fepilogue.o(.text)
    _float_epilogue                          0x08000ac3   Thumb Code    92  fepilogue.o(.text)
    _double_round                            0x08000b1f   Thumb Code    30  depilogue.o(.text)
    _double_epilogue                         0x08000b3d   Thumb Code   156  depilogue.o(.text)
    __aeabi_ddiv                             0x08000bd9   Thumb Code   222  ddiv.o(.text)
    __aeabi_ul2d                             0x08000cb7   Thumb Code    24  dfltul.o(.text)
    __aeabi_d2ulz                            0x08000ccf   Thumb Code    48  dfixul.o(.text)
    __scatterload                            0x08000d01   Thumb Code    28  init.o(.text)
    __scatterload_rt2                        0x08000d01   Thumb Code     0  init.o(.text)
    isspace                                  0x08000d25   Thumb Code    10  isspace_c.o(.text)
    __ARM_scalbn                             0x08000d2f   Thumb Code    46  dscalb.o(.text)
    scalbn                                   0x08000d2f   Thumb Code     0  dscalb.o(.text)
    __ctype_lookup                           0x08000d5d   Thumb Code    34  ctype_c.o(.text)
    __decompress                             0x08000d85   Thumb Code     0  __dczerorl2.o(.text)
    __decompress1                            0x08000d85   Thumb Code    86  __dczerorl2.o(.text)
    Automation_Close                         0x08000ddd   Thumb Code   340  git.o(i.Automation_Close)
    BusFault_Handler                         0x08000f39   Thumb Code     4  stm32f10x_it.o(i.BusFault_Handler)
    CLR_Buf                                  0x08000f3d   Thumb Code    18  usart2.o(i.CLR_Buf)
    Check_Key_ON_OFF                         0x08000f59   Thumb Code   204  git.o(i.Check_Key_ON_OFF)
    DebugMon_Handler                         0x08001065   Thumb Code     2  stm32f10x_it.o(i.DebugMon_Handler)
    ESP8266_Clear                            0x08001069   Thumb Code    20  usart3.o(i.ESP8266_Clear)
    ESP8266_GetIPD                           0x08001085   Thumb Code    66  usart3.o(i.ESP8266_GetIPD)
    ESP8266_WaitRecive                       0x080010d5   Thumb Code    42  usart3.o(i.ESP8266_WaitRecive)
    FillBuf                                  0x08001109   Thumb Code   180  ga10.o(i.FillBuf)
    GA10_Init                                0x08001209   Thumb Code   312  ga10.o(i.GA10_Init)
    GA10_SendCmd                             0x080014d1   Thumb Code    92  ga10.o(i.GA10_SendCmd)
    GB16_NUM                                 0x0800153d   Thumb Code    18  oled.o(i.GB16_NUM)
    GENERAL_TIM_Init                         0x080015a7   Thumb Code    32  timer.o(i.GENERAL_TIM_Init)
    GENERAL_TIM_NVIC_Config                  0x08001673   Thumb Code    76  timer.o(i.GENERAL_TIM_NVIC_Config)
    GPIO_Init                                0x080016bf   Thumb Code   278  stm32f10x_gpio.o(i.GPIO_Init)
    GPIO_PinRemapConfig                      0x080017d5   Thumb Code   138  stm32f10x_gpio.o(i.GPIO_PinRemapConfig)
    GPIO_ReadInputDataBit                    0x08001865   Thumb Code    18  stm32f10x_gpio.o(i.GPIO_ReadInputDataBit)
    GPIO_ResetBits                           0x08001877   Thumb Code     4  stm32f10x_gpio.o(i.GPIO_ResetBits)
    GPIO_SetBits                             0x0800187b   Thumb Code     4  stm32f10x_gpio.o(i.GPIO_SetBits)
    GY_IIC_Ack                               0x08001881   Thumb Code    44  hmc5883l.o(i.GY_IIC_Ack)
    GY_IIC_Delay                             0x080018b5   Thumb Code    10  hmc5883l.o(i.GY_IIC_Delay)
    GY_IIC_Init                              0x080018c1   Thumb Code    80  hmc5883l.o(i.GY_IIC_Init)
    GY_IIC_NAck                              0x0800191d   Thumb Code    44  hmc5883l.o(i.GY_IIC_NAck)
    GY_IIC_Read_Byte                         0x08001951   Thumb Code    76  hmc5883l.o(i.GY_IIC_Read_Byte)
    GY_IIC_Send_Byte                         0x080019a5   Thumb Code    62  hmc5883l.o(i.GY_IIC_Send_Byte)
    GY_IIC_Start                             0x080019ed   Thumb Code    42  hmc5883l.o(i.GY_IIC_Start)
    GY_IIC_Stop                              0x08001a21   Thumb Code    40  hmc5883l.o(i.GY_IIC_Stop)
    GY_IIC_Wait_Ack                          0x08001a51   Thumb Code    68  hmc5883l.o(i.GY_IIC_Wait_Ack)
    HMC5883_Get_Angle                        0x08001af1   Thumb Code   170  hmc5883l.o(i.HMC5883_Get_Angle)
    HMC5883_Init                             0x08001bad   Thumb Code   392  hmc5883l.o(i.HMC5883_Init)
    HMC5883_SB_Read                          0x08001d75   Thumb Code    66  hmc5883l.o(i.HMC5883_SB_Read)
    HMC5883_SB_Write                         0x08001dbd   Thumb Code    70  hmc5883l.o(i.HMC5883_SB_Write)
    HardFault_Handler                        0x08001e03   Thumb Code     4  stm32f10x_it.o(i.HardFault_Handler)
    Hardware_Init                            0x08001e09   Thumb Code   122  main.o(i.Hardware_Init)
    JR6001_Init                              0x08001e91   Thumb Code    48  jr6001.o(i.JR6001_Init)
    JR6001_SendCode                          0x08001ec1   Thumb Code   128  jr6001.o(i.JR6001_SendCode)
    JR6001_SongControl                       0x08001f4d   Thumb Code    78  jr6001.o(i.JR6001_SongControl)
    JR6001_Volumecontrol                     0x08001fc1   Thumb Code    28  jr6001.o(i.JR6001_Volumecontrol)
    KEY_Scan                                 0x08001fe5   Thumb Code   108  key.o(i.KEY_Scan)
    Key_GPIO_Config                          0x08002059   Thumb Code    54  key.o(i.Key_GPIO_Config)
    LED_Init                                 0x08002095   Thumb Code   154  led.o(i.LED_Init)
    MemManage_Handler                        0x08002139   Thumb Code     4  stm32f10x_it.o(i.MemManage_Handler)
    Mqtt_Pub                                 0x0800213d   Thumb Code    84  ga10.o(i.Mqtt_Pub)
    NMI_Handler                              0x080021d1   Thumb Code     2  stm32f10x_it.o(i.NMI_Handler)
    NVIC_Init                                0x080021d5   Thumb Code   100  misc.o(i.NVIC_Init)
    NVIC_PriorityGroupConfig                 0x08002245   Thumb Code    10  misc.o(i.NVIC_PriorityGroupConfig)
    Net_Init                                 0x08002259   Thumb Code    80  main.o(i.Net_Init)
    OLED_Clear                               0x080022cd   Thumb Code    10  oled.o(i.OLED_Clear)
    OLED_ColorTurn                           0x080022d7   Thumb Code    28  oled.o(i.OLED_ColorTurn)
    OLED_DisplayTurn                         0x080022f3   Thumb Code    44  oled.o(i.OLED_DisplayTurn)
    OLED_Fill                                0x0800231f   Thumb Code    66  oled.o(i.OLED_Fill)
    OLED_Init                                0x08002361   Thumb Code   274  oled.o(i.OLED_Init)
    OLED_ShowCH                              0x08002479   Thumb Code   292  oled.o(i.OLED_ShowCH)
    OLED_WR_BP                               0x080025b1   Thumb Code    42  oled.o(i.OLED_WR_BP)
    OLED_WR_Byte                             0x080025dd   Thumb Code   108  oled.o(i.OLED_WR_Byte)
    PendSV_Handler                           0x0800264d   Thumb Code     2  stm32f10x_it.o(i.PendSV_Handler)
    RCC_APB1PeriphClockCmd                   0x08002651   Thumb Code    26  stm32f10x_rcc.o(i.RCC_APB1PeriphClockCmd)
    RCC_APB1PeriphResetCmd                   0x08002671   Thumb Code    26  stm32f10x_rcc.o(i.RCC_APB1PeriphResetCmd)
    RCC_APB2PeriphClockCmd                   0x08002691   Thumb Code    26  stm32f10x_rcc.o(i.RCC_APB2PeriphClockCmd)
    RCC_APB2PeriphResetCmd                   0x080026b1   Thumb Code    26  stm32f10x_rcc.o(i.RCC_APB2PeriphResetCmd)
    RCC_GetClocksFreq                        0x080026d1   Thumb Code   192  stm32f10x_rcc.o(i.RCC_GetClocksFreq)
    R_Test                                   0x080027a5   Thumb Code    30  flash.o(i.R_Test)
    Read_Data                                0x080027d1   Thumb Code     6  git.o(i.Read_Data)
    Reset_Threshole_Value                    0x080027d7   Thumb Code    18  git.o(i.Reset_Threshole_Value)
    SVC_Handler                              0x080027e9   Thumb Code     2  stm32f10x_it.o(i.SVC_Handler)
    SoftWare_Init                            0x080028d5   Thumb Code    64  main.o(i.SoftWare_Init)
    SysTick_CLKSourceConfig                  0x0800292d   Thumb Code    40  misc.o(i.SysTick_CLKSourceConfig)
    SysTick_Handler                          0x08002955   Thumb Code     2  stm32f10x_it.o(i.SysTick_Handler)
    SystemInit                               0x08002959   Thumb Code    78  system_stm32f10x.o(i.SystemInit)
    System_PB34_setIO                        0x080029b9   Thumb Code    36  led.o(i.System_PB34_setIO)
    System_ReadInteriorFlash                 0x080029e5   Thumb Code    58  flash.o(i.System_ReadInteriorFlash)
    System_WriteInteriorFlash                0x08002a25   Thumb Code   354  flash.o(i.System_WriteInteriorFlash)
    TIM4_IRQHandler                          0x08002ba1   Thumb Code   110  timer.o(i.TIM4_IRQHandler)
    TIM_ClearFlag                            0x08002c25   Thumb Code     6  stm32f10x_tim.o(i.TIM_ClearFlag)
    TIM_ClearITPendingBit                    0x08002c2b   Thumb Code     6  stm32f10x_tim.o(i.TIM_ClearITPendingBit)
    TIM_Cmd                                  0x08002c31   Thumb Code    24  stm32f10x_tim.o(i.TIM_Cmd)
    TIM_GetITStatus                          0x08002c49   Thumb Code    34  stm32f10x_tim.o(i.TIM_GetITStatus)
    TIM_ITConfig                             0x08002c6b   Thumb Code    18  stm32f10x_tim.o(i.TIM_ITConfig)
    TIM_TimeBaseInit                         0x08002c7d   Thumb Code   122  stm32f10x_tim.o(i.TIM_TimeBaseInit)
    USART1_IRQHandler                        0x08002d35   Thumb Code   122  usart.o(i.USART1_IRQHandler)
    USART2_IRQHandler                        0x08002dbd   Thumb Code   134  usart2.o(i.USART2_IRQHandler)
    USART3_IRQHandler                        0x08002e55   Thumb Code    62  usart3.o(i.USART3_IRQHandler)
    USART_ClearFlag                          0x08002ea1   Thumb Code    18  stm32f10x_usart.o(i.USART_ClearFlag)
    USART_Cmd                                0x08002eb3   Thumb Code    24  stm32f10x_usart.o(i.USART_Cmd)
    USART_DeInit                             0x08002ecd   Thumb Code   134  stm32f10x_usart.o(i.USART_DeInit)
    USART_GetFlagStatus                      0x08002f69   Thumb Code    26  stm32f10x_usart.o(i.USART_GetFlagStatus)
    USART_GetITStatus                        0x08002f83   Thumb Code    84  stm32f10x_usart.o(i.USART_GetITStatus)
    USART_ITConfig                           0x08002fd7   Thumb Code    74  stm32f10x_usart.o(i.USART_ITConfig)
    USART_Init                               0x08003021   Thumb Code   210  stm32f10x_usart.o(i.USART_Init)
    USART_ReceiveData                        0x080030f9   Thumb Code    10  stm32f10x_usart.o(i.USART_ReceiveData)
    USART_SendData                           0x08003103   Thumb Code     8  stm32f10x_usart.o(i.USART_SendData)
    Update_device_massage                    0x0800310d   Thumb Code    88  git.o(i.Update_device_massage)
    Update_oled_massage                      0x08003171   Thumb Code    72  git.o(i.Update_oled_massage)
    UsageFault_Handler                       0x080031f1   Thumb Code     4  stm32f10x_it.o(i.UsageFault_Handler)
    Usart1_Init                              0x080031f5   Thumb Code   152  usart.o(i.Usart1_Init)
    Usart2_Init                              0x08003295   Thumb Code   166  usart2.o(i.Usart2_Init)
    Usart3_Init                              0x08003345   Thumb Code   162  usart3.o(i.Usart3_Init)
    Usart3_SendString                        0x080033f1   Thumb Code    44  usart3.o(i.Usart3_SendString)
    W_Test                                   0x08003421   Thumb Code    30  flash.o(i.W_Test)
    __0printf                                0x0800344d   Thumb Code    22  printfa.o(i.__0printf)
    __1printf                                0x0800344d   Thumb Code     0  printfa.o(i.__0printf)
    __2printf                                0x0800344d   Thumb Code     0  printfa.o(i.__0printf)
    __c89printf                              0x0800344d   Thumb Code     0  printfa.o(i.__0printf)
    printf                                   0x0800344d   Thumb Code     0  printfa.o(i.__0printf)
    __0sprintf                               0x0800346d   Thumb Code    34  printfa.o(i.__0sprintf)
    __1sprintf                               0x0800346d   Thumb Code     0  printfa.o(i.__0sprintf)
    __2sprintf                               0x0800346d   Thumb Code     0  printfa.o(i.__0sprintf)
    __c89sprintf                             0x0800346d   Thumb Code     0  printfa.o(i.__0sprintf)
    sprintf                                  0x0800346d   Thumb Code     0  printfa.o(i.__0sprintf)
    __ARM_fpclassify                         0x08003495   Thumb Code    40  fpclassify.o(i.__ARM_fpclassify)
    free                                     0x080034bd   Thumb Code    88  mallocr.o(i.__free$realloc)
    __kernel_poly                            0x08003519   Thumb Code   170  poly.o(i.__kernel_poly)
    malloc                                   0x080035c5   Thumb Code    64  mallocr.o(i.__malloc$realloc)
    __mathlib_dbl_infnan                     0x08003615   Thumb Code     6  dunder.o(i.__mathlib_dbl_infnan)
    __mathlib_dbl_infnan2                    0x0800361b   Thumb Code     4  dunder.o(i.__mathlib_dbl_infnan2)
    __mathlib_dbl_underflow                  0x08003621   Thumb Code    10  dunder.o(i.__mathlib_dbl_underflow)
    __scatterload_copy                       0x08003631   Thumb Code    14  handlers.o(i.__scatterload_copy)
    __scatterload_null                       0x0800363f   Thumb Code     2  handlers.o(i.__scatterload_null)
    __scatterload_zeroinit                   0x08003641   Thumb Code    14  handlers.o(i.__scatterload_zeroinit)
    __set_errno                              0x08003651   Thumb Code     6  errno.o(i.__set_errno)
    _is_digit                                0x080037e1   Thumb Code    14  scanf_fp.o(i._is_digit)
    atan                                     0x08003f01   Thumb Code   474  atan.o(i.atan)
    atan2                                    0x08004121   Thumb Code   374  atan2.o(i.atan2)
    cJSON_Delete                             0x08004305   Thumb Code    84  cjson.o(i.cJSON_Delete)
    cJSON_GetObjectItem                      0x0800435d   Thumb Code    18  cjson.o(i.cJSON_GetObjectItem)
    cJSON_Parse                              0x08004389   Thumb Code    16  cjson.o(i.cJSON_Parse)
    cJSON_ParseWithLengthOpts                0x08004399   Thumb Code   204  cjson.o(i.cJSON_ParseWithLengthOpts)
    cJSON_ParseWithOpts                      0x0800446d   Thumb Code    40  cjson.o(i.cJSON_ParseWithOpts)
    delay_init                               0x080044dd   Thumb Code    50  delay.o(i.delay_init)
    delay_ms                                 0x08004521   Thumb Code    72  delay.o(i.delay_ms)
    delay_us                                 0x0800456d   Thumb Code    72  delay.o(i.delay_us)
    fputc                                    0x080045b9   Thumb Code    24  usart.o(i.fputc)
    main                                     0x0800467d   Thumb Code    62  main.o(i.main)
    massage_ga10_json                        0x080046c5   Thumb Code   112  ga10.o(i.massage_ga10_json)
    realloc                                  0x08004df9   Thumb Code   102  mallocr.o(i.realloc)
    strtod                                   0x08004ea1   Thumb Code    28  strtod.o(i.strtod)
    task1                                    0x08004ebd   Thumb Code    12  main.o(i.task1)
    task2                                    0x08004ec9   Thumb Code    26  main.o(i.task2)
    task3                                    0x08004ef1   Thumb Code    14  main.o(i.task3)
    timer_init                               0x08004f05   Thumb Code    28  task.o(i.timer_init)
    timer_loop                               0x08004f25   Thumb Code    54  task.o(i.timer_loop)
    timer_start                              0x08004f65   Thumb Code    38  task.o(i.timer_start)
    timer_stop                               0x08004f91   Thumb Code    32  task.o(i.timer_stop)
    timer_ticks                              0x08004fb5   Thumb Code    12  task.o(i.timer_ticks)
    __mathlib_zero                           0x080051b0   Data           8  qnan.o(.constdata)
    __ctype_categories                       0x080051b8   Data          64  ctype_c.o(.constdata)
    Region$$Table$$Base                      0x0800526c   Number         0  anon$$obj.o(Region$$Table)
    Region$$Table$$Limit                     0x0800528c   Number         0  anon$$obj.o(Region$$Table)
    Connect_Net                              0x20000000   Data           1  main.o(.data)
    topics                                   0x20000004   Data           4  main.o(.data)
    SystemCoreClock                          0x20000008   Data           4  system_stm32f10x.o(.data)
    AHBPrescTable                            0x2000000c   Data          16  system_stm32f10x.o(.data)
    zf                                       0x20000020   Data        1520  oled.o(.data)
    hz                                       0x20000610   Data         800  oled.o(.data)
    hz_index                                 0x20000930   Data          51  oled.o(.data)
    zf_index                                 0x20000963   Data          96  oled.o(.data)
    HZ                                       0x200009c4   Data           4  oled.o(.data)
    addrShort1                               0x200009c8   Data           4  flash.o(.data)
    addrShort2                               0x200009cc   Data           4  flash.o(.data)
    rxdatabufer                              0x200009d0   Data           1  usart2.o(.data)
    point1                                   0x200009d2   Data           2  usart2.o(.data)
    USART2_RX_STA                            0x200009d4   Data           2  usart2.o(.data)
    SF                                       0x200009d6   Data           1  hmc5883l.o(.data)
    __stdout                                 0x200009dc   Data           4  usart.o(.data)
    USART_RX_STA                             0x200009e0   Data           2  usart.o(.data)
    esp8266_cnt                              0x20000a0c   Data           2  usart3.o(.data)
    esp8266_cntPre                           0x20000a0e   Data           2  usart3.o(.data)
    threshold_value_init                     0x20000a10   Data           8  git.o(.data)
    time_4                                   0x20000a24   Data           4  timer.o(.data)
    time25ms                                 0x20000a28   Data           1  timer.o(.data)
    Usart2_Time                              0x20000a2a   Data           2  timer.o(.data)
    TimeCount1ms                             0x20000a2c   Data           4  timer.o(.data)
    bTimeout10ms                             0x20000a30   Data           1  timer.o(.data)
    __microlib_freelist                      0x20000a34   Data           4  mvars.o(.data)
    __microlib_freelist_initialised          0x20000a38   Data           4  mvars.o(.data)
    Save_Data                                0x20001a70   Data         121  usart2.o(.bss)
    USART_RX2_BUF                            0x20001ae9   Data         200  usart2.o(.bss)
    hmc_xyz_init                             0x20001bb4   Data          12  hmc5883l.o(.bss)
    USART_RX_BUF                             0x20001bc0   Data         200  usart.o(.bss)
    esp8266_buf                              0x20002488   Data         256  usart3.o(.bss)
    Data_init                                0x20002d88   Data          24  git.o(.bss)
    device_state_init                        0x20002da0   Data           9  git.o(.bss)
    __heap_base                              0x20002db0   Data           0  startup_stm32f10x_hd.o(HEAP)
    __heap_limit                             0x200039b0   Data           0  startup_stm32f10x_hd.o(HEAP)
    __initial_sp                             0x20003db0   Data           0  startup_stm32f10x_hd.o(STACK)



==============================================================================

Memory Map of the image

  Image Entry point : 0x08000149

  Load Region LR_1 (Base: 0x08000000, Size: 0x00005ccc, Max: 0xffffffff, ABSOLUTE, COMPRESSED[0x00005958])

    Execution Region ER_RO (Exec base: 0x08000000, Load base: 0x08000000, Size: 0x0000528c, Max: 0xffffffff, ABSOLUTE)

    Exec Addr    Load Addr    Size         Type   Attr      Idx    E Section Name        Object

    0x08000000   0x08000000   0x00000130   Data   RO          910    RESET               startup_stm32f10x_hd.o
    0x08000130   0x08000130   0x00000000   Code   RO         3761  * .ARM.Collect$$$$00000000  mc_w.l(entry.o)
    0x08000130   0x08000130   0x00000004   Code   RO         4122    .ARM.Collect$$$$00000001  mc_w.l(entry2.o)
    0x08000134   0x08000134   0x00000004   Code   RO         4125    .ARM.Collect$$$$00000004  mc_w.l(entry5.o)
    0x08000138   0x08000138   0x00000000   Code   RO         4127    .ARM.Collect$$$$00000008  mc_w.l(entry7b.o)
    0x08000138   0x08000138   0x00000000   Code   RO         4129    .ARM.Collect$$$$0000000A  mc_w.l(entry8b.o)
    0x08000138   0x08000138   0x00000008   Code   RO         4130    .ARM.Collect$$$$0000000B  mc_w.l(entry9a.o)
    0x08000140   0x08000140   0x00000004   Code   RO         4137    .ARM.Collect$$$$0000000E  mc_w.l(entry12b.o)
    0x08000144   0x08000144   0x00000000   Code   RO         4132    .ARM.Collect$$$$0000000F  mc_w.l(entry10a.o)
    0x08000144   0x08000144   0x00000000   Code   RO         4134    .ARM.Collect$$$$00000011  mc_w.l(entry11a.o)
    0x08000144   0x08000144   0x00000004   Code   RO         4123    .ARM.Collect$$$$00002712  mc_w.l(entry2.o)
    0x08000148   0x08000148   0x00000024   Code   RO          911  * .text               startup_stm32f10x_hd.o
    0x0800016c   0x0800016c   0x0000000c   Code   RO         3764    .text               mc_w.l(tolower.o)
    0x08000178   0x08000178   0x00000024   Code   RO         3766    .text               mc_w.l(memcpya.o)
    0x0800019c   0x0800019c   0x00000024   Code   RO         3768    .text               mc_w.l(memseta.o)
    0x080001c0   0x080001c0   0x00000018   Code   RO         3770    .text               mc_w.l(strcat.o)
    0x080001d8   0x080001d8   0x00000024   Code   RO         3772    .text               mc_w.l(strstr.o)
    0x080001fc   0x080001fc   0x00000014   Code   RO         3774    .text               mc_w.l(strchr.o)
    0x08000210   0x08000210   0x0000000e   Code   RO         3776    .text               mc_w.l(strlen.o)
    0x0800021e   0x0800021e   0x0000001c   Code   RO         3778    .text               mc_w.l(strcmp.o)
    0x0800023a   0x0800023a   0x0000001e   Code   RO         3782    .text               mc_w.l(strncmp.o)
    0x08000258   0x08000258   0x00000360   Code   RO         4077    .text               mc_w.l(scanf_fp.o)
    0x080005b8   0x080005b8   0x0000014e   Code   RO         4081    .text               mf_w.l(dadd.o)
    0x08000706   0x08000706   0x000000e4   Code   RO         4083    .text               mf_w.l(dmul.o)
    0x080007ea   0x080007ea   0x00000022   Code   RO         4085    .text               mf_w.l(dflti.o)
    0x0800080c   0x0800080c   0x0000003e   Code   RO         4087    .text               mf_w.l(dfixi.o)
    0x0800084a   0x0800084a   0x00000002   PAD
    0x0800084c   0x0800084c   0x00000030   Code   RO         4091    .text               mf_w.l(cdcmple.o)
    0x0800087c   0x0800087c   0x00000030   Code   RO         4093    .text               mf_w.l(cdrcmple.o)
    0x080008ac   0x080008ac   0x00000038   Code   RO         4095    .text               mf_w.l(d2f.o)
    0x080008e4   0x080008e4   0x0000002c   Code   RO         4138    .text               mc_w.l(uidiv.o)
    0x08000910   0x08000910   0x00000062   Code   RO         4140    .text               mc_w.l(uldiv.o)
    0x08000972   0x08000972   0x0000001e   Code   RO         4142    .text               mc_w.l(llshl.o)
    0x08000990   0x08000990   0x00000020   Code   RO         4144    .text               mc_w.l(llushr.o)
    0x080009b0   0x080009b0   0x00000024   Code   RO         4146    .text               mc_w.l(llsshr.o)
    0x080009d4   0x080009d4   0x00000040   Code   RO         4159    .text               mc_w.l(_sgetc.o)
    0x08000a14   0x08000a14   0x0000009c   Code   RO         4161    .text               mc_w.l(strtod.o)
    0x08000ab0   0x08000ab0   0x00000000   Code   RO         4163    .text               mc_w.l(iusefp.o)
    0x08000ab0   0x08000ab0   0x0000006e   Code   RO         4164    .text               mf_w.l(fepilogue.o)
    0x08000b1e   0x08000b1e   0x000000ba   Code   RO         4166    .text               mf_w.l(depilogue.o)
    0x08000bd8   0x08000bd8   0x000000de   Code   RO         4168    .text               mf_w.l(ddiv.o)
    0x08000cb6   0x08000cb6   0x00000018   Code   RO         4170    .text               mf_w.l(dfltul.o)
    0x08000cce   0x08000cce   0x00000030   Code   RO         4172    .text               mf_w.l(dfixul.o)
    0x08000cfe   0x08000cfe   0x00000002   PAD
    0x08000d00   0x08000d00   0x00000024   Code   RO         4178    .text               mc_w.l(init.o)
    0x08000d24   0x08000d24   0x0000000a   Code   RO         4180    .text               mc_w.l(isspace_c.o)
    0x08000d2e   0x08000d2e   0x0000002e   Code   RO         4184    .text               mf_w.l(dscalb.o)
    0x08000d5c   0x08000d5c   0x00000028   Code   RO         4186    .text               mc_w.l(ctype_c.o)
    0x08000d84   0x08000d84   0x00000056   Code   RO         4197    .text               mc_w.l(__dczerorl2.o)
    0x08000dda   0x08000dda   0x00000002   PAD
    0x08000ddc   0x08000ddc   0x0000015c   Code   RO         3594    i.Automation_Close  git.o
    0x08000f38   0x08000f38   0x00000004   Code   RO          218    i.BusFault_Handler  stm32f10x_it.o
    0x08000f3c   0x08000f3c   0x0000001c   Code   RO          566    i.CLR_Buf           usart2.o
    0x08000f58   0x08000f58   0x0000010c   Code   RO         3595    i.Check_Key_ON_OFF  git.o
    0x08001064   0x08001064   0x00000002   Code   RO          219    i.DebugMon_Handler  stm32f10x_it.o
    0x08001066   0x08001066   0x00000002   PAD
    0x08001068   0x08001068   0x0000001c   Code   RO         3479    i.ESP8266_Clear     usart3.o
    0x08001084   0x08001084   0x00000050   Code   RO         3480    i.ESP8266_GetIPD    usart3.o
    0x080010d4   0x080010d4   0x00000034   Code   RO         3484    i.ESP8266_WaitRecive  usart3.o
    0x08001108   0x08001108   0x00000100   Code   RO         3543    i.FillBuf           ga10.o
    0x08001208   0x08001208   0x000002c8   Code   RO         3544    i.GA10_Init         ga10.o
    0x080014d0   0x080014d0   0x0000006c   Code   RO         3545    i.GA10_SendCmd      ga10.o
    0x0800153c   0x0800153c   0x00000018   Code   RO          384    i.GB16_NUM          oled.o
    0x08001554   0x08001554   0x00000052   Code   RO         3690    i.GENERAL_TIMClock_Enable  timer.o
    0x080015a6   0x080015a6   0x00000020   Code   RO         3691    i.GENERAL_TIM_Init  timer.o
    0x080015c6   0x080015c6   0x000000ac   Code   RO         3692    i.GENERAL_TIM_Mode_Config  timer.o
    0x08001672   0x08001672   0x0000004c   Code   RO         3693    i.GENERAL_TIM_NVIC_Config  timer.o
    0x080016be   0x080016be   0x00000116   Code   RO          957    i.GPIO_Init         stm32f10x_gpio.o
    0x080017d4   0x080017d4   0x00000090   Code   RO          959    i.GPIO_PinRemapConfig  stm32f10x_gpio.o
    0x08001864   0x08001864   0x00000012   Code   RO          961    i.GPIO_ReadInputDataBit  stm32f10x_gpio.o
    0x08001876   0x08001876   0x00000004   Code   RO          964    i.GPIO_ResetBits    stm32f10x_gpio.o
    0x0800187a   0x0800187a   0x00000004   Code   RO          965    i.GPIO_SetBits      stm32f10x_gpio.o
    0x0800187e   0x0800187e   0x00000002   PAD
    0x08001880   0x08001880   0x00000034   Code   RO          655    i.GY_IIC_Ack        hmc5883l.o
    0x080018b4   0x080018b4   0x0000000a   Code   RO          656    i.GY_IIC_Delay      hmc5883l.o
    0x080018be   0x080018be   0x00000002   PAD
    0x080018c0   0x080018c0   0x0000005c   Code   RO          657    i.GY_IIC_Init       hmc5883l.o
    0x0800191c   0x0800191c   0x00000034   Code   RO          658    i.GY_IIC_NAck       hmc5883l.o
    0x08001950   0x08001950   0x00000054   Code   RO          659    i.GY_IIC_Read_Byte  hmc5883l.o
    0x080019a4   0x080019a4   0x00000048   Code   RO          660    i.GY_IIC_Send_Byte  hmc5883l.o
    0x080019ec   0x080019ec   0x00000034   Code   RO          661    i.GY_IIC_Start      hmc5883l.o
    0x08001a20   0x08001a20   0x00000030   Code   RO          662    i.GY_IIC_Stop       hmc5883l.o
    0x08001a50   0x08001a50   0x0000004c   Code   RO          663    i.GY_IIC_Wait_Ack   hmc5883l.o
    0x08001a9c   0x08001a9c   0x00000028   Code   RO          664    i.GY_SDA_IN         hmc5883l.o
    0x08001ac4   0x08001ac4   0x0000002c   Code   RO          665    i.GY_SDA_OUT        hmc5883l.o
    0x08001af0   0x08001af0   0x000000bc   Code   RO          666    i.HMC5883_Get_Angle  hmc5883l.o
    0x08001bac   0x08001bac   0x000001c8   Code   RO          668    i.HMC5883_Init      hmc5883l.o
    0x08001d74   0x08001d74   0x00000048   Code   RO          669    i.HMC5883_SB_Read   hmc5883l.o
    0x08001dbc   0x08001dbc   0x00000046   Code   RO          670    i.HMC5883_SB_Write  hmc5883l.o
    0x08001e02   0x08001e02   0x00000004   Code   RO          220    i.HardFault_Handler  stm32f10x_it.o
    0x08001e06   0x08001e06   0x00000002   PAD
    0x08001e08   0x08001e08   0x00000088   Code   RO            1    i.Hardware_Init     main.o
    0x08001e90   0x08001e90   0x00000030   Code   RO          619    i.JR6001_Init       jr6001.o
    0x08001ec0   0x08001ec0   0x0000008c   Code   RO          621    i.JR6001_SendCode   jr6001.o
    0x08001f4c   0x08001f4c   0x00000074   Code   RO          622    i.JR6001_SongControl  jr6001.o
    0x08001fc0   0x08001fc0   0x00000024   Code   RO          623    i.JR6001_Volumecontrol  jr6001.o
    0x08001fe4   0x08001fe4   0x00000074   Code   RO          359    i.KEY_Scan          key.o
    0x08002058   0x08002058   0x0000003c   Code   RO          360    i.Key_GPIO_Config   key.o
    0x08002094   0x08002094   0x000000a4   Code   RO          341    i.LED_Init          led.o
    0x08002138   0x08002138   0x00000004   Code   RO          221    i.MemManage_Handler  stm32f10x_it.o
    0x0800213c   0x0800213c   0x00000094   Code   RO         3547    i.Mqtt_Pub          ga10.o
    0x080021d0   0x080021d0   0x00000002   Code   RO          222    i.NMI_Handler       stm32f10x_it.o
    0x080021d2   0x080021d2   0x00000002   PAD
    0x080021d4   0x080021d4   0x00000070   Code   RO          915    i.NVIC_Init         misc.o
    0x08002244   0x08002244   0x00000014   Code   RO          916    i.NVIC_PriorityGroupConfig  misc.o
    0x08002258   0x08002258   0x00000074   Code   RO            2    i.Net_Init          main.o
    0x080022cc   0x080022cc   0x0000000a   Code   RO          385    i.OLED_Clear        oled.o
    0x080022d6   0x080022d6   0x0000001c   Code   RO          387    i.OLED_ColorTurn    oled.o
    0x080022f2   0x080022f2   0x0000002c   Code   RO          390    i.OLED_DisplayTurn  oled.o
    0x0800231e   0x0800231e   0x00000042   Code   RO          393    i.OLED_Fill         oled.o
    0x08002360   0x08002360   0x00000118   Code   RO          394    i.OLED_Init         oled.o
    0x08002478   0x08002478   0x00000138   Code   RO          396    i.OLED_ShowCH       oled.o
    0x080025b0   0x080025b0   0x0000002a   Code   RO          400    i.OLED_WR_BP        oled.o
    0x080025da   0x080025da   0x00000002   PAD
    0x080025dc   0x080025dc   0x00000070   Code   RO          401    i.OLED_WR_Byte      oled.o
    0x0800264c   0x0800264c   0x00000002   Code   RO          223    i.PendSV_Handler    stm32f10x_it.o
    0x0800264e   0x0800264e   0x00000002   PAD
    0x08002650   0x08002650   0x00000020   Code   RO         2479    i.RCC_APB1PeriphClockCmd  stm32f10x_rcc.o
    0x08002670   0x08002670   0x00000020   Code   RO         2480    i.RCC_APB1PeriphResetCmd  stm32f10x_rcc.o
    0x08002690   0x08002690   0x00000020   Code   RO         2481    i.RCC_APB2PeriphClockCmd  stm32f10x_rcc.o
    0x080026b0   0x080026b0   0x00000020   Code   RO         2482    i.RCC_APB2PeriphResetCmd  stm32f10x_rcc.o
    0x080026d0   0x080026d0   0x000000d4   Code   RO         2489    i.RCC_GetClocksFreq  stm32f10x_rcc.o
    0x080027a4   0x080027a4   0x0000002c   Code   RO          514    i.R_Test            flash.o
    0x080027d0   0x080027d0   0x00000006   Code   RO         3596    i.Read_Data         git.o
    0x080027d6   0x080027d6   0x00000012   Code   RO         3597    i.Reset_Threshole_Value  git.o
    0x080027e8   0x080027e8   0x00000002   Code   RO          224    i.SVC_Handler       stm32f10x_it.o
    0x080027ea   0x080027ea   0x00000008   Code   RO          307    i.SetSysClock       system_stm32f10x.o
    0x080027f2   0x080027f2   0x00000002   PAD
    0x080027f4   0x080027f4   0x000000e0   Code   RO          308    i.SetSysClockTo72   system_stm32f10x.o
    0x080028d4   0x080028d4   0x00000058   Code   RO            3    i.SoftWare_Init     main.o
    0x0800292c   0x0800292c   0x00000028   Code   RO          919    i.SysTick_CLKSourceConfig  misc.o
    0x08002954   0x08002954   0x00000002   Code   RO          225    i.SysTick_Handler   stm32f10x_it.o
    0x08002956   0x08002956   0x00000002   PAD
    0x08002958   0x08002958   0x00000060   Code   RO          310    i.SystemInit        system_stm32f10x.o
    0x080029b8   0x080029b8   0x0000002c   Code   RO          342    i.System_PB34_setIO  led.o
    0x080029e4   0x080029e4   0x00000040   Code   RO          515    i.System_ReadInteriorFlash  flash.o
    0x08002a24   0x08002a24   0x0000017c   Code   RO          516    i.System_WriteInteriorFlash  flash.o
    0x08002ba0   0x08002ba0   0x00000084   Code   RO         3694    i.TIM4_IRQHandler   timer.o
    0x08002c24   0x08002c24   0x00000006   Code   RO         1429    i.TIM_ClearFlag     stm32f10x_tim.o
    0x08002c2a   0x08002c2a   0x00000006   Code   RO         1430    i.TIM_ClearITPendingBit  stm32f10x_tim.o
    0x08002c30   0x08002c30   0x00000018   Code   RO         1435    i.TIM_Cmd           stm32f10x_tim.o
    0x08002c48   0x08002c48   0x00000022   Code   RO         1456    i.TIM_GetITStatus   stm32f10x_tim.o
    0x08002c6a   0x08002c6a   0x00000012   Code   RO         1460    i.TIM_ITConfig      stm32f10x_tim.o
    0x08002c7c   0x08002c7c   0x000000a4   Code   RO         1506    i.TIM_TimeBaseInit  stm32f10x_tim.o
    0x08002d20   0x08002d20   0x00000014   Code   RO         3695    i.TimeModule_get    timer.o
    0x08002d34   0x08002d34   0x00000088   Code   RO          833    i.USART1_IRQHandler  usart.o
    0x08002dbc   0x08002dbc   0x00000098   Code   RO          568    i.USART2_IRQHandler  usart2.o
    0x08002e54   0x08002e54   0x0000004c   Code   RO         3485    i.USART3_IRQHandler  usart3.o
    0x08002ea0   0x08002ea0   0x00000012   Code   RO         1065    i.USART_ClearFlag   stm32f10x_usart.o
    0x08002eb2   0x08002eb2   0x00000018   Code   RO         1069    i.USART_Cmd         stm32f10x_usart.o
    0x08002eca   0x08002eca   0x00000002   PAD
    0x08002ecc   0x08002ecc   0x0000009c   Code   RO         1071    i.USART_DeInit      stm32f10x_usart.o
    0x08002f68   0x08002f68   0x0000001a   Code   RO         1072    i.USART_GetFlagStatus  stm32f10x_usart.o
    0x08002f82   0x08002f82   0x00000054   Code   RO         1073    i.USART_GetITStatus  stm32f10x_usart.o
    0x08002fd6   0x08002fd6   0x0000004a   Code   RO         1075    i.USART_ITConfig    stm32f10x_usart.o
    0x08003020   0x08003020   0x000000d8   Code   RO         1076    i.USART_Init        stm32f10x_usart.o
    0x080030f8   0x080030f8   0x0000000a   Code   RO         1083    i.USART_ReceiveData  stm32f10x_usart.o
    0x08003102   0x08003102   0x00000008   Code   RO         1086    i.USART_SendData    stm32f10x_usart.o
    0x0800310a   0x0800310a   0x00000002   PAD
    0x0800310c   0x0800310c   0x00000064   Code   RO         3598    i.Update_device_massage  git.o
    0x08003170   0x08003170   0x00000080   Code   RO         3599    i.Update_oled_massage  git.o
    0x080031f0   0x080031f0   0x00000004   Code   RO          226    i.UsageFault_Handler  stm32f10x_it.o
    0x080031f4   0x080031f4   0x000000a0   Code   RO          834    i.Usart1_Init       usart.o
    0x08003294   0x08003294   0x000000b0   Code   RO          569    i.Usart2_Init       usart2.o
    0x08003344   0x08003344   0x000000ac   Code   RO         3486    i.Usart3_Init       usart3.o
    0x080033f0   0x080033f0   0x00000030   Code   RO         3487    i.Usart3_SendString  usart3.o
    0x08003420   0x08003420   0x0000002c   Code   RO          518    i.W_Test            flash.o
    0x0800344c   0x0800344c   0x00000020   Code   RO         4019    i.__0printf         mc_w.l(printfa.o)
    0x0800346c   0x0800346c   0x00000028   Code   RO         4021    i.__0sprintf        mc_w.l(printfa.o)
    0x08003494   0x08003494   0x00000028   Code   RO         4174    i.__ARM_fpclassify  m_ws.l(fpclassify.o)
    0x080034bc   0x080034bc   0x0000005c   Code   RO         4051    i.__free$realloc    mc_w.l(mallocr.o)
    0x08003518   0x08003518   0x000000aa   Code   RO         4176    i.__kernel_poly     m_ws.l(poly.o)
    0x080035c2   0x080035c2   0x00000002   PAD
    0x080035c4   0x080035c4   0x00000050   Code   RO         4052    i.__malloc$realloc  mc_w.l(mallocr.o)
    0x08003614   0x08003614   0x00000006   Code   RO         4108    i.__mathlib_dbl_infnan  m_ws.l(dunder.o)
    0x0800361a   0x0800361a   0x00000004   Code   RO         4109    i.__mathlib_dbl_infnan2  m_ws.l(dunder.o)
    0x0800361e   0x0800361e   0x00000002   PAD
    0x08003620   0x08003620   0x00000010   Code   RO         4113    i.__mathlib_dbl_underflow  m_ws.l(dunder.o)
    0x08003630   0x08003630   0x0000000e   Code   RO         4191    i.__scatterload_copy  mc_w.l(handlers.o)
    0x0800363e   0x0800363e   0x00000002   Code   RO         4192    i.__scatterload_null  mc_w.l(handlers.o)
    0x08003640   0x08003640   0x0000000e   Code   RO         4193    i.__scatterload_zeroinit  mc_w.l(handlers.o)
    0x0800364e   0x0800364e   0x00000002   PAD
    0x08003650   0x08003650   0x0000000c   Code   RO         4152    i.__set_errno       mc_w.l(errno.o)
    0x0800365c   0x0800365c   0x00000184   Code   RO         4026    i._fp_digits        mc_w.l(printfa.o)
    0x080037e0   0x080037e0   0x0000000e   Code   RO         4079    i._is_digit         mc_w.l(scanf_fp.o)
    0x080037ee   0x080037ee   0x00000002   PAD
    0x080037f0   0x080037f0   0x000006b4   Code   RO         4027    i._printf_core      mc_w.l(printfa.o)
    0x08003ea4   0x08003ea4   0x00000024   Code   RO         4028    i._printf_post_padding  mc_w.l(printfa.o)
    0x08003ec8   0x08003ec8   0x0000002e   Code   RO         4029    i._printf_pre_padding  mc_w.l(printfa.o)
    0x08003ef6   0x08003ef6   0x0000000a   Code   RO         4031    i._sputc            mc_w.l(printfa.o)
    0x08003f00   0x08003f00   0x00000220   Code   RO         4098    i.atan              m_ws.l(atan.o)
    0x08004120   0x08004120   0x0000019c   Code   RO         3750    i.atan2             m_ws.l(atan2.o)
    0x080042bc   0x080042bc   0x00000048   Code   RO         2805    i.buffer_skip_whitespace  cjson.o
    0x08004304   0x08004304   0x00000058   Code   RO         2837    i.cJSON_Delete      cjson.o
    0x0800435c   0x0800435c   0x00000012   Code   RO         2850    i.cJSON_GetObjectItem  cjson.o
    0x0800436e   0x0800436e   0x0000001a   Code   RO         2867    i.cJSON_New_Item    cjson.o
    0x08004388   0x08004388   0x00000010   Code   RO         2868    i.cJSON_Parse       cjson.o
    0x08004398   0x08004398   0x000000d4   Code   RO         2870    i.cJSON_ParseWithLengthOpts  cjson.o
    0x0800446c   0x0800446c   0x00000028   Code   RO         2871    i.cJSON_ParseWithOpts  cjson.o
    0x08004494   0x08004494   0x00000048   Code   RO         2886    i.case_insensitive_strcmp  cjson.o
    0x080044dc   0x080044dc   0x00000044   Code   RO          769    i.delay_init        delay.o
    0x08004520   0x08004520   0x0000004c   Code   RO          770    i.delay_ms          delay.o
    0x0800456c   0x0800456c   0x0000004c   Code   RO          771    i.delay_us          delay.o
    0x080045b8   0x080045b8   0x0000001c   Code   RO          840    i.fputc             usart.o
    0x080045d4   0x080045d4   0x00000004   Code   RO         2892    i.get_decimal_point  cjson.o
    0x080045d8   0x080045d8   0x00000052   Code   RO         2893    i.get_object_item   cjson.o
    0x0800462a   0x0800462a   0x00000002   PAD
    0x0800462c   0x0800462c   0x00000050   Code   RO         4053    i.internal_alloc    mc_w.l(mallocr.o)
    0x0800467c   0x0800467c   0x00000048   Code   RO            4    i.main              main.o
    0x080046c4   0x080046c4   0x000000a0   Code   RO         3548    i.massage_ga10_json  ga10.o
    0x08004764   0x08004764   0x000000f8   Code   RO         2895    i.parse_array       cjson.o
    0x0800485c   0x0800485c   0x0000005a   Code   RO         2896    i.parse_hex4        cjson.o
    0x080048b6   0x080048b6   0x00000002   PAD
    0x080048b8   0x080048b8   0x00000138   Code   RO         2897    i.parse_number      cjson.o
    0x080049f0   0x080049f0   0x0000013e   Code   RO         2898    i.parse_object      cjson.o
    0x08004b2e   0x08004b2e   0x0000018c   Code   RO         2899    i.parse_string      cjson.o
    0x08004cba   0x08004cba   0x00000002   PAD
    0x08004cbc   0x08004cbc   0x0000013c   Code   RO         2900    i.parse_value       cjson.o
    0x08004df8   0x08004df8   0x0000006c   Code   RO         4054    i.realloc           mc_w.l(mallocr.o)
    0x08004e64   0x08004e64   0x0000003c   Code   RO         2911    i.skip_utf8_bom     cjson.o
    0x08004ea0   0x08004ea0   0x0000001c   Code   RO         3758    i.strtod            m_ws.l(strtod.o)
    0x08004ebc   0x08004ebc   0x0000000c   Code   RO            5    i.task1             main.o
    0x08004ec8   0x08004ec8   0x00000028   Code   RO            6    i.task2             main.o
    0x08004ef0   0x08004ef0   0x00000014   Code   RO            7    i.task3             main.o
    0x08004f04   0x08004f04   0x00000020   Code   RO         3652    i.timer_init        task.o
    0x08004f24   0x08004f24   0x00000040   Code   RO         3653    i.timer_loop        task.o
    0x08004f64   0x08004f64   0x0000002c   Code   RO         3654    i.timer_start       task.o
    0x08004f90   0x08004f90   0x00000024   Code   RO         3655    i.timer_stop        task.o
    0x08004fb4   0x08004fb4   0x00000010   Code   RO         3656    i.timer_ticks       task.o
    0x08004fc4   0x08004fc4   0x0000012c   Code   RO         2914    i.utf16_literal_to_utf8  cjson.o
    0x080050f0   0x080050f0   0x00000024   Code   RO          519    i.waitForFlashBSY   flash.o
    0x08005114   0x08005114   0x00000004   PAD
    0x08005118   0x08005118   0x00000098   Data   RO         4099    .constdata          m_ws.l(atan.o)
    0x080051b0   0x080051b0   0x00000008   Data   RO         4121    .constdata          m_ws.l(qnan.o)
    0x080051b8   0x080051b8   0x00000040   Data   RO         4187    .constdata          mc_w.l(ctype_c.o)
    0x080051f8   0x080051f8   0x0000001d   Data   RO            9    .conststring        main.o
    0x08005215   0x08005215   0x00000003   PAD
    0x08005218   0x08005218   0x00000051   Data   RO          672    .conststring        hmc5883l.o
    0x08005269   0x08005269   0x00000003   PAD
    0x0800526c   0x0800526c   0x00000020   Data   RO         4189    Region$$Table       anon$$obj.o


    Execution Region ER_RW (Exec base: 0x20000000, Load base: 0x0800528c, Size: 0x00000a40, Max: 0xffffffff, ABSOLUTE, COMPRESSED[0x000006cc])

    Exec Addr    Load Addr    Size         Type   Attr      Idx    E Section Name        Object

    0x20000000   COMPRESSED   0x00000008   Data   RW           10    .data               main.o
    0x20000008   COMPRESSED   0x00000014   Data   RW          311    .data               system_stm32f10x.o
    0x2000001c   COMPRESSED   0x00000001   Data   RW          362    .data               key.o
    0x2000001d   COMPRESSED   0x00000003   PAD
    0x20000020   COMPRESSED   0x000009a8   Data   RW          403    .data               oled.o
    0x200009c8   COMPRESSED   0x00000008   Data   RW          521    .data               flash.o
    0x200009d0   COMPRESSED   0x00000006   Data   RW          572    .data               usart2.o
    0x200009d6   COMPRESSED   0x00000002   Data   RW          673    .data               hmc5883l.o
    0x200009d8   COMPRESSED   0x00000004   Data   RW          772    .data               delay.o
    0x200009dc   COMPRESSED   0x00000006   Data   RW          842    .data               usart.o
    0x200009e2   COMPRESSED   0x00000014   Data   RW         2509    .data               stm32f10x_rcc.o
    0x200009f6   COMPRESSED   0x00000002   PAD
    0x200009f8   COMPRESSED   0x00000014   Data   RW         2916    .data               cjson.o
    0x20000a0c   COMPRESSED   0x00000004   Data   RW         3489    .data               usart3.o
    0x20000a10   COMPRESSED   0x0000000a   Data   RW         3601    .data               git.o
    0x20000a1a   COMPRESSED   0x00000002   PAD
    0x20000a1c   COMPRESSED   0x00000008   Data   RW         3657    .data               task.o
    0x20000a24   COMPRESSED   0x0000000d   Data   RW         3697    .data               timer.o
    0x20000a31   COMPRESSED   0x00000003   PAD
    0x20000a34   COMPRESSED   0x00000004   Data   RW         4148    .data               mc_w.l(mvars.o)
    0x20000a38   COMPRESSED   0x00000004   Data   RW         4149    .data               mc_w.l(mvars.o)
    0x20000a3c   COMPRESSED   0x00000004   Data   RW         4153    .data               mc_w.l(errno.o)


    Execution Region ER_ZI (Exec base: 0x20000a40, Load base: 0x08005958, Size: 0x00003370, Max: 0xffffffff, ABSOLUTE)

    Exec Addr    Load Addr    Size         Type   Attr      Idx    E Section Name        Object

    0x20000a40        -       0x00000830   Zero   RW            8    .bss                main.o
    0x20001270        -       0x00000800   Zero   RW          520    .bss                flash.o
    0x20001a70        -       0x00000141   Zero   RW          571    .bss                usart2.o
    0x20001bb1   0x08005958   0x00000003   PAD
    0x20001bb4        -       0x0000000c   Zero   RW          671    .bss                hmc5883l.o
    0x20001bc0        -       0x000000c8   Zero   RW          841    .bss                usart.o
    0x20001c88        -       0x00000900   Zero   RW         3488    .bss                usart3.o
    0x20002588        -       0x00000821   Zero   RW         3600    .bss                git.o
    0x20002da9   0x08005958   0x00000007   PAD
    0x20002db0        -       0x00000c00   Zero   RW          909    HEAP                startup_stm32f10x_hd.o
    0x200039b0        -       0x00000400   Zero   RW          908    STACK               startup_stm32f10x_hd.o


==============================================================================

Image component sizes


      Code (inc. data)   RO Data    RW Data    ZI Data      Debug   Object Name

      2670         66          0         20          0      17953   cjson.o
       220         26          0          4          0       1783   delay.o
       568         64          0          8       2048       4633   flash.o
      1384        604          0          0          0       4206   ga10.o
       868        140          0         10       2081       7074   git.o
      1408        170         81          2         12       9003   hmc5883l.o
       340         58          0          0          0       3044   jr6001.o
       176         14          0          1          0       1165   key.o
       208         18          0          0          0       1043   led.o
       484        104         29          8       2096     262813   main.o
       172         22          0          0          0       2113   misc.o
       918         36          0       2472          0       6869   oled.o
        36          8        304          0       4096        804   startup_stm32f10x_hd.o
       448          6          0          0          0       4590   stm32f10x_gpio.o
        26          0          0          0          0       3838   stm32f10x_it.o
       340         44          0         20          0       5680   stm32f10x_rcc.o
       252         42          0          0          0       4190   stm32f10x_tim.o
       616         28          0          0          0       7490   stm32f10x_usart.o
         0          0          0          0          0         32   sys.o
       328         28          0         20          0       2157   system_stm32f10x.o
       192         28          0          8          0       3359   task.o
       514         40          0         13          0       4599   timer.o
       324         26          0          6        200       3758   usart.o
       356         38          0          6        321       3471   usart2.o
       456         60          0          4       2304       4605   usart3.o

    ----------------------------------------------------------------------
     13336       1674        452       2612      13168     370272   Object Totals
         0          0         32          0          0          0   (incl. Generated)
        32          4          6         10         10          0   (incl. Padding)

    ----------------------------------------------------------------------

      Code (inc. data)   RO Data    RW Data    ZI Data      Debug   Library Member Name

       544         70        152          0          0        124   atan.o
       412         38          0          0          0        144   atan2.o
        26          6          0          0          0        204   dunder.o
        40          0          0          0          0         68   fpclassify.o
       170          0          0          0          0         96   poly.o
         0          0          8          0          0          0   qnan.o
        28          0          0          0          0         80   strtod.o
        86          0          0          0          0          0   __dczerorl2.o
        64          0          0          0          0         84   _sgetc.o
        40          6         64          0          0         68   ctype_c.o
         0          0          0          0          0          0   entry.o
         0          0          0          0          0          0   entry10a.o
         0          0          0          0          0          0   entry11a.o
         4          0          0          0          0          0   entry12b.o
         8          4          0          0          0          0   entry2.o
         4          0          0          0          0          0   entry5.o
         0          0          0          0          0          0   entry7b.o
         0          0          0          0          0          0   entry8b.o
         8          4          0          0          0          0   entry9a.o
        12          6          0          4          0         68   errno.o
        30          0          0          0          0          0   handlers.o
        36          8          0          0          0         68   init.o
        10          0          0          0          0         68   isspace_c.o
         0          0          0          0          0          0   iusefp.o
        30          0          0          0          0         68   llshl.o
        36          0          0          0          0         68   llsshr.o
        32          0          0          0          0         68   llushr.o
       360         30          0          0          0        356   mallocr.o
        36          0          0          0          0         68   memcpya.o
        36          0          0          0          0        108   memseta.o
         0          0          0          8          0          0   mvars.o
      2268         96          0          0          0        616   printfa.o
       878         12          0          0          0        216   scanf_fp.o
        24          0          0          0          0         68   strcat.o
        20          0          0          0          0         68   strchr.o
        28          0          0          0          0         76   strcmp.o
        14          0          0          0          0         68   strlen.o
        30          0          0          0          0         80   strncmp.o
        36          0          0          0          0         80   strstr.o
       156         12          0          0          0        120   strtod.o
        12          0          0          0          0         68   tolower.o
        44          0          0          0          0         80   uidiv.o
        98          0          0          0          0         92   uldiv.o
        48          0          0          0          0         68   cdcmple.o
        48          0          0          0          0         68   cdrcmple.o
        56          0          0          0          0         88   d2f.o
       334          0          0          0          0        148   dadd.o
       222          0          0          0          0        100   ddiv.o
       186          0          0          0          0        176   depilogue.o
        62          0          0          0          0         80   dfixi.o
        48          0          0          0          0         68   dfixul.o
        34          0          0          0          0         76   dflti.o
        24          0          0          0          0         76   dfltul.o
       228          0          0          0          0         96   dmul.o
        46          0          0          0          0         80   dscalb.o
       110          0          0          0          0        168   fepilogue.o

    ----------------------------------------------------------------------
      7120        292        224         12          0       4732   Library Totals
        14          0          0          0          0          0   (incl. Padding)

    ----------------------------------------------------------------------

      Code (inc. data)   RO Data    RW Data    ZI Data      Debug   Library Name

      1220        114        160          0          0        716   m_ws.l
      4440        178         64         12          0       2724   mc_w.l
      1446          0          0          0          0       1292   mf_w.l

    ----------------------------------------------------------------------
      7120        292        224         12          0       4732   Library Totals

    ----------------------------------------------------------------------

==============================================================================


      Code (inc. data)   RO Data    RW Data    ZI Data      Debug   

     20456       1966        676       2624      13168     365512   Grand Totals
     20456       1966        676       1740      13168     365512   ELF Image Totals (compressed)
     20456       1966        676       1740          0          0   ROM Totals

==============================================================================

    Total RO  Size (Code + RO Data)                21132 (  20.64kB)
    Total RW  Size (RW Data + ZI Data)             15792 (  15.42kB)
    Total ROM Size (Code + RO Data + RW Data)      22872 (  22.34kB)

==============================================================================

