<html>
<body>
<pre>
<h1>µVision Build Log</h1>
<h2>Tool Versions:</h2>
IDE-Version: ¦ÌVision V5.28.0.0
Copyright (C) 2019 ARM Ltd and ARM Germany GmbH. All rights reserved.
License Information: jr hr, hr, LIC=X96CK-Z27I8-GK9BG-VECRL-TP51Y-0RZV8
 
Tool Versions:
Toolchain:       MDK-ARM Plus  Version: 5.28.0.0
Toolchain Path:  A:\Keil5\ARM\ARMCC\Bin
C Compiler:      Armcc.exe V5.06 update 7 (build 960)
Assembler:       Armasm.exe V5.06 update 7 (build 960)
Linker/Locator:  ArmLink.exe V5.06 update 7 (build 960)
Library Manager: ArmAr.exe V5.06 update 7 (build 960)
Hex Converter:   FromElf.exe V5.06 update 7 (build 960)
CPU DLL:         SARMCM3.DLL V5.28.0.0
Dialog DLL:      DCM.DLL V1.17.3.0
Target DLL:      Segger\JL2CM3.dll V2.99.36.0
Dialog DLL:      TCM.DLL V1.36.2.0
 
<h2>Project:</h2>
D:\BaiduSyncdisk\2023.06.01-2024.06.01\101.1.ÖÇÄÜ½»Í¨µÆ£¨4G£©\02.NET\USER\LED.uvprojx
Project File Date:  05/22/2024

<h2>Output:</h2>
*** Using Compiler 'V5.06 update 7 (build 960)', folder: 'A:\Keil5\ARM\ARMCC\Bin'
Build target 'KEY'
compiling main.c...
main.c(76): warning:  #177-D: variable "str"  was declared but never referenced
  	 char str[50];
main.c: 1 warning, 0 errors
compiling GA10.c...
..\NET\GA10\GA10.c(168): warning:  #177-D: variable "massage"  was declared but never referenced
  	const char *massage;
..\NET\GA10\GA10.c: 1 warning, 0 errors
linking...
Program Size: Code=20456 RO-data=676 RW-data=2624 ZI-data=13168  
FromELF: creating hex file...
"..\OBJ\key.axf" - 0 Error(s), 2 Warning(s).

<h2>Software Packages used:</h2>

Package Vendor: Keil
                http://www.keil.com/pack/Keil.STM32F1xx_DFP.2.4.0.pack
                Keil.STM32F1xx_DFP.2.4.0
                STMicroelectronics STM32F1 Series Device Support, Drivers and Examples

<h2>Collection of Component include folders:</h2>
  .\RTE\_KEY
  A:\Keil5\pack\Keil\STM32F1xx_DFP\2.4.0\Device\Include

<h2>Collection of Component Files used:</h2>
Build Time Elapsed:  00:00:00
</pre>
</body>
</html>
